
Power Net Detected:
        Voltage	    Name
             0V	    VSS
           0.9V	    VDD
Using Power View: VIEW.

Begin Power Analysis

             0V	    VSS
           0.9V	    VDD

Begin Processing Timing Library for Power Calculation

Begin Processing Timing Library for Power Calculation



Begin Processing Power Net/Grid for Power Calculation

Ended Processing Power Net/Grid for Power Calculation: (cpu=0:00:00, real=0:00:00, mem(process/total/peak)=1730.26MB/3447.63MB/1755.62MB)

Begin Processing Timing Window Data for Power Calculation

clk(100MHz) CK: assigning clock clk to net clk
Ended Processing Timing Window Data for Power Calculation: (cpu=0:00:00, real=0:00:00, mem(process/total/peak)=1731.20MB/3447.63MB/1755.62MB)

Begin Processing User Attributes

Ended Processing User Attributes: (cpu=0:00:00, real=0:00:00, mem(process/total/peak)=1731.46MB/3447.63MB/1755.62MB)

Begin Processing Signal Activity


Starting Levelizing
2026-Mar-12 10:20:19 (2026-Mar-12 14:20:19 GMT)
2026-Mar-12 10:20:19 (2026-Mar-12 14:20:19 GMT): 10%
2026-Mar-12 10:20:19 (2026-Mar-12 14:20:19 GMT): 20%
2026-Mar-12 10:20:19 (2026-Mar-12 14:20:19 GMT): 30%
2026-Mar-12 10:20:19 (2026-Mar-12 14:20:19 GMT): 40%
2026-Mar-12 10:20:19 (2026-Mar-12 14:20:19 GMT): 50%
2026-Mar-12 10:20:19 (2026-Mar-12 14:20:19 GMT): 60%
2026-Mar-12 10:20:19 (2026-Mar-12 14:20:19 GMT): 70%
2026-Mar-12 10:20:19 (2026-Mar-12 14:20:19 GMT): 80%
2026-Mar-12 10:20:19 (2026-Mar-12 14:20:19 GMT): 90%

Finished Levelizing
2026-Mar-12 10:20:19 (2026-Mar-12 14:20:19 GMT)

Starting Activity Propagation
2026-Mar-12 10:20:19 (2026-Mar-12 14:20:19 GMT)
** INFO:  (VOLTUS_POWR-1356): No default input activity has been set. Defaulting to 0.2.
Use 'set_default_switching_activity -input_activity' command to change the default activity value.

2026-Mar-12 10:20:19 (2026-Mar-12 14:20:19 GMT): 10%
2026-Mar-12 10:20:19 (2026-Mar-12 14:20:19 GMT): 20%
2026-Mar-12 10:20:19 (2026-Mar-12 14:20:19 GMT): 30%
2026-Mar-12 10:20:19 (2026-Mar-12 14:20:19 GMT): 40%
2026-Mar-12 10:20:19 (2026-Mar-12 14:20:19 GMT): 50%
2026-Mar-12 10:20:19 (2026-Mar-12 14:20:19 GMT): 60%
2026-Mar-12 10:20:19 (2026-Mar-12 14:20:19 GMT): 70%
2026-Mar-12 10:20:19 (2026-Mar-12 14:20:19 GMT): 80%
2026-Mar-12 10:20:19 (2026-Mar-12 14:20:19 GMT): 90%

Finished Activity Propagation
2026-Mar-12 10:20:19 (2026-Mar-12 14:20:19 GMT)
Ended Processing Signal Activity: (cpu=0:00:00, real=0:00:00, mem(process/total/peak)=1732.89MB/3447.63MB/1755.62MB)

Begin Power Computation

      ----------------------------------------------------------
      # of cell(s) missing both power/leakage table: 0
      # of cell(s) missing power table: 0
      # of cell(s) missing leakage table: 0
      ----------------------------------------------------------



Starting Calculating power
2026-Mar-12 10:20:19 (2026-Mar-12 14:20:19 GMT)
 ... Calculating switching power
2026-Mar-12 10:20:20 (2026-Mar-12 14:20:20 GMT): 10%
2026-Mar-12 10:20:20 (2026-Mar-12 14:20:20 GMT): 20%
2026-Mar-12 10:20:20 (2026-Mar-12 14:20:20 GMT): 30%
2026-Mar-12 10:20:20 (2026-Mar-12 14:20:20 GMT): 40%
2026-Mar-12 10:20:20 (2026-Mar-12 14:20:20 GMT): 50%
 ... Calculating internal and leakage power
2026-Mar-12 10:20:20 (2026-Mar-12 14:20:20 GMT): 60%
2026-Mar-12 10:20:20 (2026-Mar-12 14:20:20 GMT): 70%
2026-Mar-12 10:20:20 (2026-Mar-12 14:20:20 GMT): 80%
2026-Mar-12 10:20:20 (2026-Mar-12 14:20:20 GMT): 90%

Finished Calculating power
2026-Mar-12 10:20:21 (2026-Mar-12 14:20:21 GMT)
      # of MSMV cell(s) missing power_level: 0
Ended Power Computation: (cpu=0:00:01, real=0:00:01, mem(process/total/peak)=1734.07MB/3455.64MB/1755.62MB)

Begin Processing User Attributes

Ended Processing User Attributes: (cpu=0:00:00, real=0:00:00, mem(process/total/peak)=1734.07MB/3455.64MB/1755.62MB)

Ended Power Analysis: (cpu=0:00:01, real=0:00:02, mem(process/total/peak)=1734.07MB/3455.64MB/1755.62MB)

Begin Boundary Leakage Calculation
Ended Boundary Leakage Calculation: (cpu=0:00:00, real=0:00:00,
mem(process/total/peak)=1734.07MB/3455.64MB/1755.62MB)
Begin Static Power Report Generation
*----------------------------------------------------------------------------------------
*	Innovus 21.17-s075_1 (64bit) 03/15/2023 11:17 (Linux 3.10.0-693.el7.x86_64)
*	
*
* 	Date & Time:	2026-Mar-12 10:20:21 (2026-Mar-12 14:20:21 GMT)
*
*----------------------------------------------------------------------------------------
*
*	Design: gpu_top
*
*	Liberty Libraries used:
*	        VIEW: /CMC/kits/cadence/GPDK045/gsclib045_all_v4.4/gsclib045/timing/slow_vdd1v0_basicCells.lib
*
*	Parasitic Files used:
*
*       Power View : VIEW
*
*       User-Defined Activity : N.A.
*
*       Activity File: N.A.
*
*       Hierarchical Global Activity: N.A.
*
*       Global Activity: N.A.
*
*       Sequential Element Activity: N.A.
*
*       Primary Input Activity: 0.200000
*
*       Default icg ratio: N.A.
*
*       Global Comb ClockGate Ratio: N.A.
*
*	Power Units = 1mW
*
*	Time Units = 1e-09 secs
*
*       report_power
*
-----------------------------------------------------------------------------------------
*



Total Power
-----------------------------------------------------------------------------------------
Total Internal Power:        0.56726043 	   58.6802%
Total Switching Power:       0.39888660 	   41.2628%
Total Leakage Power:         0.00055036 	    0.0569%
Total Power:                 0.96669740
-----------------------------------------------------------------------------------------


Group                           Internal   Switching     Leakage       Total  Percentage 
                                Power      Power         Power         Power  (%)        
-----------------------------------------------------------------------------------------
Sequential                        0.3001     0.02591   0.0001666      0.3261       33.74
Macro                                  0           0           0           0           0
IO                                     0           0           0           0           0
Combinational                     0.2433      0.3133   0.0003765       0.557       57.62
Clock (Combinational)             0.0239     0.05966    7.28e-06     0.08356       8.644
Clock (Sequential)                     0           0           0           0           0
-----------------------------------------------------------------------------------------
Total                             0.5673      0.3989   0.0005504      0.9667         100
-----------------------------------------------------------------------------------------


Rail                  Voltage   Internal   Switching     Leakage       Total  Percentage 
                                Power      Power         Power         Power  (%)        
-----------------------------------------------------------------------------------------
VDD                       0.9     0.5673      0.3989   0.0005504      0.9667         100


Clock                           Internal   Switching     Leakage       Total  Percentage 
                                Power      Power         Power         Power  (%)        
-----------------------------------------------------------------------------------------
clk                               0.0239     0.05966    7.28e-06     0.08356       8.644
-----------------------------------------------------------------------------------------
Total                             0.0239     0.05966    7.28e-06     0.08356       8.644
-----------------------------------------------------------------------------------------
Clock: clk
Clock Period: 0.010000 usec 
Clock Toggle Rate:   200.0000 Mhz 
Clock Static Probability:  0.5000
  
 
 
-----------------------------------------------------------------------------------------
*	Power Distribution Summary: 
*              Highest Average Power:                   g108842 (AND2X6):         0.001889
*              Highest Leakage Power:             g107287__6161 (NAND3X4):        2.479e-07
*                Total Cap:      2.93729e-11 F
*                Total instances in design: 10832
*                Total instances in design with no power:     0
*                Total instances in design with no activty:     0

*                Total Fillers and Decap:     0
-----------------------------------------------------------------------------------------
 
** INFO:  (VOLTUS_POWR-3465): There are 0 decaps and 0 fillers in the design

Ended Static Power Report Generation: (cpu=0:00:00, real=0:00:00,
mem(process/total/peak)=1736.07MB/3455.64MB/1755.62MB)

