****************************************
Report : constraint
	-all_violators
	-path slack_only
Design : gpu_top
Version: W-2024.09-SP2
Date   : Wed Mar 11 16:19:18 2026
****************************************




   max_transition

                             Required        Actual
   Pin                      Transition     Transition        Slack
   -----------------------------------------------------------------
   FE_DBTC1_n_1129/Y            0.28           1.48          -1.20  (VIOLATED)
   g154559/A0                   0.28           1.48          -1.20  (VIOLATED)
   g154561/A0                   0.28           1.48          -1.20  (VIOLATED)
   g154562/A0                   0.28           1.48          -1.20  (VIOLATED)
   g154563/A0                   0.28           1.48          -1.20  (VIOLATED)
   g154564/A0                   0.28           1.48          -1.20  (VIOLATED)
   g154565/A0                   0.28           1.48          -1.20  (VIOLATED)
   g154566/A0                   0.28           1.48          -1.20  (VIOLATED)
   g154815/A0N                  0.28           1.48          -1.20  (VIOLATED)
   g154816/A0N                  0.28           1.48          -1.20  (VIOLATED)
   g154817/A0                   0.28           1.48          -1.20  (VIOLATED)
   g155059/A0                   0.28           1.48          -1.20  (VIOLATED)
   g155060/A0N                  0.28           1.48          -1.20  (VIOLATED)
   g155061/A0N                  0.28           1.48          -1.20  (VIOLATED)
   g155062/A0                   0.28           1.48          -1.20  (VIOLATED)
   g155063/A0                   0.28           1.48          -1.20  (VIOLATED)
   g155064/A0N                  0.28           1.48          -1.20  (VIOLATED)
   g155065/A0                   0.28           1.48          -1.20  (VIOLATED)
   g155066/A0                   0.28           1.48          -1.20  (VIOLATED)
   g155067/A0                   0.28           1.48          -1.20  (VIOLATED)
   g155068/A0                   0.28           1.48          -1.20  (VIOLATED)
   g155069/A0N                  0.28           1.48          -1.20  (VIOLATED)
   g155260/A0                   0.28           1.48          -1.20  (VIOLATED)
   g155453/A0                   0.28           1.48          -1.20  (VIOLATED)
   g155454/A0                   0.28           1.48          -1.20  (VIOLATED)
   g155455/A0                   0.28           1.48          -1.20  (VIOLATED)
   g155456/A0                   0.28           1.48          -1.20  (VIOLATED)
   g155457/A0                   0.28           1.48          -1.20  (VIOLATED)
   g155458/A0                   0.28           1.48          -1.20  (VIOLATED)
   g155460/A0                   0.28           1.48          -1.20  (VIOLATED)
   g155575/A0N                  0.28           1.48          -1.20  (VIOLATED)
   g155577/A0N                  0.28           1.48          -1.20  (VIOLATED)
   g155579/A0N                  0.28           1.48          -1.20  (VIOLATED)
   g155580/A0N                  0.28           1.48          -1.20  (VIOLATED)
   g155581/A0N                  0.28           1.48          -1.20  (VIOLATED)
   g155582/A0N                  0.28           1.48          -1.20  (VIOLATED)
   g155583/A0N                  0.28           1.48          -1.20  (VIOLATED)
   g155586/A0N                  0.28           1.48          -1.20  (VIOLATED)
   g155587/A0N                  0.28           1.48          -1.20  (VIOLATED)
   g155588/A0N                  0.28           1.48          -1.20  (VIOLATED)
   g155589/A0N                  0.28           1.48          -1.20  (VIOLATED)
   g155592/A0N                  0.28           1.48          -1.20  (VIOLATED)
   g155593/A0N                  0.28           1.48          -1.20  (VIOLATED)
   g155594/A0N                  0.28           1.48          -1.20  (VIOLATED)
   g155715/A0                   0.28           1.48          -1.20  (VIOLATED)
   g155722/A0                   0.28           1.48          -1.20  (VIOLATED)
   g155723/A0                   0.28           1.48          -1.20  (VIOLATED)
   g155724/A0                   0.28           1.48          -1.20  (VIOLATED)
   g155725/A0                   0.28           1.48          -1.20  (VIOLATED)
   g155726/A0                   0.28           1.48          -1.20  (VIOLATED)
   g155727/A0                   0.28           1.48          -1.20  (VIOLATED)
   g155728/A0                   0.28           1.48          -1.20  (VIOLATED)
   g155729/A0N                  0.28           1.48          -1.20  (VIOLATED)
   g155809/A0                   0.28           1.48          -1.20  (VIOLATED)
   g155815/A0                   0.28           1.48          -1.20  (VIOLATED)
   g155816/A0                   0.28           1.48          -1.20  (VIOLATED)
   g155893/A0                   0.28           1.48          -1.20  (VIOLATED)
   g155894/A0                   0.28           1.48          -1.20  (VIOLATED)
   g155944/A0                   0.28           1.48          -1.20  (VIOLATED)
   g155945/A0                   0.28           1.48          -1.20  (VIOLATED)
   g155947/B0                   0.28           1.48          -1.20  (VIOLATED)
   g155948/A0                   0.28           1.48          -1.20  (VIOLATED)
   g155949/A0                   0.28           1.48          -1.20  (VIOLATED)
   g155951/A0                   0.28           1.48          -1.20  (VIOLATED)
   g155952/A0                   0.28           1.48          -1.20  (VIOLATED)
   g155960/A0N                  0.28           1.48          -1.20  (VIOLATED)
   g155962/A0N                  0.28           1.48          -1.20  (VIOLATED)
   g155964/A0N                  0.28           1.48          -1.20  (VIOLATED)
   g155966/A0N                  0.28           1.48          -1.20  (VIOLATED)
   g155989/A0                   0.28           1.48          -1.20  (VIOLATED)
   g156047/B0                   0.28           1.48          -1.20  (VIOLATED)
   g156048/B0                   0.28           1.48          -1.20  (VIOLATED)
   g156049/B0                   0.28           1.48          -1.20  (VIOLATED)
   g156050/B0                   0.28           1.48          -1.20  (VIOLATED)
   g156052/B0                   0.28           1.48          -1.20  (VIOLATED)
   g156054/B0                   0.28           1.48          -1.20  (VIOLATED)
   g156057/B0                   0.28           1.48          -1.20  (VIOLATED)
   g156084/A0                   0.28           1.48          -1.20  (VIOLATED)
   g156085/A0                   0.28           1.48          -1.20  (VIOLATED)
   g156086/A0                   0.28           1.48          -1.20  (VIOLATED)
   g156088/A0N                  0.28           1.48          -1.20  (VIOLATED)
   g156396/B0                   0.28           1.48          -1.20  (VIOLATED)
   g156400/B0                   0.28           1.48          -1.20  (VIOLATED)
   g156827/B0                   0.28           1.48          -1.20  (VIOLATED)
   g156849/B0                   0.28           1.48          -1.20  (VIOLATED)
   g157511/A0                   0.28           1.48          -1.20  (VIOLATED)
   g157512/A0                   0.28           1.48          -1.20  (VIOLATED)
   g157513/A0                   0.28           1.48          -1.20  (VIOLATED)
   g157514/A0                   0.28           1.48          -1.20  (VIOLATED)
   g157515/A0                   0.28           1.48          -1.20  (VIOLATED)
   g157516/A0                   0.28           1.48          -1.20  (VIOLATED)
   g157517/A0                   0.28           1.48          -1.20  (VIOLATED)
   g157518/A0                   0.28           1.48          -1.20  (VIOLATED)
   g157519/A0                   0.28           1.48          -1.20  (VIOLATED)
   g157520/A0                   0.28           1.48          -1.20  (VIOLATED)
   g157521/A0                   0.28           1.48          -1.20  (VIOLATED)
   g157522/A0                   0.28           1.48          -1.20  (VIOLATED)
   g157523/A0                   0.28           1.48          -1.20  (VIOLATED)
   g157524/A0                   0.28           1.48          -1.20  (VIOLATED)
   g157525/A0                   0.28           1.48          -1.20  (VIOLATED)
   g157526/A0                   0.28           1.48          -1.20  (VIOLATED)
   g157564/A                    0.28           1.48          -1.20  (VIOLATED)
   g155757/A0                   0.28           1.31          -1.03  (VIOLATED)
   g155758/A0                   0.28           1.31          -1.03  (VIOLATED)
   g155759/A0                   0.28           1.31          -1.03  (VIOLATED)
   g155872/A0                   0.28           1.31          -1.03  (VIOLATED)
   g155873/A0                   0.28           1.31          -1.03  (VIOLATED)
   g155887/A0                   0.28           1.31          -1.03  (VIOLATED)
   g155985/A2                   0.28           1.31          -1.03  (VIOLATED)
   g155986/A2                   0.28           1.31          -1.03  (VIOLATED)
   g156023/A0                   0.28           1.31          -1.03  (VIOLATED)
   g156024/A0                   0.28           1.31          -1.03  (VIOLATED)
   g156025/A0                   0.28           1.31          -1.03  (VIOLATED)
   g156032/A0                   0.28           1.31          -1.03  (VIOLATED)
   g156033/A0                   0.28           1.31          -1.03  (VIOLATED)
   g156034/A0                   0.28           1.31          -1.03  (VIOLATED)
   g156035/A0                   0.28           1.31          -1.03  (VIOLATED)
   g156036/A0                   0.28           1.31          -1.03  (VIOLATED)
   g156042/A0                   0.28           1.31          -1.03  (VIOLATED)
   g156191/A0                   0.28           1.31          -1.03  (VIOLATED)
   g156194/A0                   0.28           1.31          -1.03  (VIOLATED)
   g156195/A0                   0.28           1.31          -1.03  (VIOLATED)
   g156197/A0                   0.28           1.31          -1.03  (VIOLATED)
   g156307/A0                   0.28           1.31          -1.03  (VIOLATED)
   g156308/A0                   0.28           1.31          -1.03  (VIOLATED)
   g156310/A0                   0.28           1.31          -1.03  (VIOLATED)
   g156312/A0                   0.28           1.31          -1.03  (VIOLATED)
   g156314/A0                   0.28           1.31          -1.03  (VIOLATED)
   g156454/A0                   0.28           1.31          -1.03  (VIOLATED)
   g156467/A0                   0.28           1.31          -1.03  (VIOLATED)
   g156481/A0                   0.28           1.31          -1.03  (VIOLATED)
   g156528/A0                   0.28           1.31          -1.03  (VIOLATED)
   g156529/A0                   0.28           1.31          -1.03  (VIOLATED)
   g156530/A0                   0.28           1.31          -1.03  (VIOLATED)
   g156531/A0                   0.28           1.31          -1.03  (VIOLATED)
   g156532/A0                   0.28           1.31          -1.03  (VIOLATED)
   g156533/A0                   0.28           1.31          -1.03  (VIOLATED)
   g156535/A0                   0.28           1.31          -1.03  (VIOLATED)
   g156536/A0                   0.28           1.31          -1.03  (VIOLATED)
   g156740/A0                   0.28           1.31          -1.03  (VIOLATED)
   g156741/A0                   0.28           1.31          -1.03  (VIOLATED)
   g156743/A0                   0.28           1.31          -1.03  (VIOLATED)
   g156905/AN                   0.28           1.31          -1.03  (VIOLATED)
   g156907/AN                   0.28           1.31          -1.03  (VIOLATED)
   g156914/AN                   0.28           1.31          -1.03  (VIOLATED)
   g157168/A0                   0.28           1.31          -1.03  (VIOLATED)
   g157169/A0                   0.28           1.31          -1.03  (VIOLATED)
   g158145/Y                    0.28           1.31          -1.03  (VIOLATED)
   g160237/A                    0.28           1.31          -1.03  (VIOLATED)
   g155086/A0                   0.28           1.28          -1.00  (VIOLATED)
   g155716/A0                   0.28           1.28          -1.00  (VIOLATED)
   g155717/A1                   0.28           1.28          -1.00  (VIOLATED)
   g155718/A0                   0.28           1.28          -1.00  (VIOLATED)
   g155719/A0                   0.28           1.28          -1.00  (VIOLATED)
   g155740/A1                   0.28           1.28          -1.00  (VIOLATED)
   g155741/A0                   0.28           1.28          -1.00  (VIOLATED)
   g155764/A0                   0.28           1.28          -1.00  (VIOLATED)
   g155768/A0                   0.28           1.28          -1.00  (VIOLATED)
   g155772/A0                   0.28           1.28          -1.00  (VIOLATED)
   g155778/A0                   0.28           1.28          -1.00  (VIOLATED)
   g155910/A2                   0.28           1.28          -1.00  (VIOLATED)
   g155925/A1                   0.28           1.28          -1.00  (VIOLATED)
   g155927/A2                   0.28           1.28          -1.00  (VIOLATED)
   g155928/A2                   0.28           1.28          -1.00  (VIOLATED)
   g155942/A0                   0.28           1.28          -1.00  (VIOLATED)
   g155943/A0                   0.28           1.28          -1.00  (VIOLATED)
   g155969/A0                   0.28           1.28          -1.00  (VIOLATED)
   g155970/A0                   0.28           1.28          -1.00  (VIOLATED)
   g155971/A0                   0.28           1.28          -1.00  (VIOLATED)
   g155973/A0                   0.28           1.28          -1.00  (VIOLATED)
   g155974/A0                   0.28           1.28          -1.00  (VIOLATED)
   g155975/A0                   0.28           1.28          -1.00  (VIOLATED)
   g155976/A1                   0.28           1.28          -1.00  (VIOLATED)
   g155977/A1                   0.28           1.28          -1.00  (VIOLATED)
   g155979/A1                   0.28           1.28          -1.00  (VIOLATED)
   g155980/A1                   0.28           1.28          -1.00  (VIOLATED)
   g155981/A2                   0.28           1.28          -1.00  (VIOLATED)
   g155983/A0                   0.28           1.28          -1.00  (VIOLATED)
   g155988/A0                   0.28           1.28          -1.00  (VIOLATED)
   g155991/A0                   0.28           1.28          -1.00  (VIOLATED)
   g156003/A0                   0.28           1.28          -1.00  (VIOLATED)
   g156004/A0                   0.28           1.28          -1.00  (VIOLATED)
   g156005/A0                   0.28           1.28          -1.00  (VIOLATED)
   g156006/A0                   0.28           1.28          -1.00  (VIOLATED)
   g156018/A0                   0.28           1.28          -1.00  (VIOLATED)
   g156019/A0                   0.28           1.28          -1.00  (VIOLATED)
   g156020/A0                   0.28           1.28          -1.00  (VIOLATED)
   g156021/A0                   0.28           1.28          -1.00  (VIOLATED)
   g156022/A0                   0.28           1.28          -1.00  (VIOLATED)
   g156038/A0                   0.28           1.28          -1.00  (VIOLATED)
   g156309/A2                   0.28           1.28          -1.00  (VIOLATED)
   g156311/A2                   0.28           1.28          -1.00  (VIOLATED)
   g156313/A2                   0.28           1.28          -1.00  (VIOLATED)
   g156501/A0                   0.28           1.28          -1.00  (VIOLATED)
   g156777/B0                   0.28           1.28          -1.00  (VIOLATED)
   g156778/B0                   0.28           1.28          -1.00  (VIOLATED)
   g156785/B0                   0.28           1.28          -1.00  (VIOLATED)
   g156786/B0                   0.28           1.28          -1.00  (VIOLATED)
   g156787/A1                   0.28           1.28          -1.00  (VIOLATED)
   g156788/B0                   0.28           1.28          -1.00  (VIOLATED)
   g156792/B0                   0.28           1.28          -1.00  (VIOLATED)
   g156793/B0                   0.28           1.28          -1.00  (VIOLATED)
   g156800/B0                   0.28           1.28          -1.00  (VIOLATED)
   g156801/A1                   0.28           1.28          -1.00  (VIOLATED)
   g156802/B0                   0.28           1.28          -1.00  (VIOLATED)
   g156806/B0                   0.28           1.28          -1.00  (VIOLATED)
   g156807/B1                   0.28           1.28          -1.00  (VIOLATED)
   g156811/B1                   0.28           1.28          -1.00  (VIOLATED)
   g156824/A2                   0.28           1.28          -1.00  (VIOLATED)
   g156825/A2                   0.28           1.28          -1.00  (VIOLATED)
   g156826/A2                   0.28           1.28          -1.00  (VIOLATED)
   g156827/A1                   0.28           1.28          -1.00  (VIOLATED)
   g156845/A1                   0.28           1.28          -1.00  (VIOLATED)
   g156846/A2                   0.28           1.28          -1.00  (VIOLATED)
   g156847/A2                   0.28           1.28          -1.00  (VIOLATED)
   g156848/A2                   0.28           1.28          -1.00  (VIOLATED)
   g156849/A1                   0.28           1.28          -1.00  (VIOLATED)
   g156850/A2                   0.28           1.28          -1.00  (VIOLATED)
   g156851/A2                   0.28           1.28          -1.00  (VIOLATED)
   g156852/A2                   0.28           1.28          -1.00  (VIOLATED)
   g156853/A1                   0.28           1.28          -1.00  (VIOLATED)
   g156854/A2                   0.28           1.28          -1.00  (VIOLATED)
   g156855/A2                   0.28           1.28          -1.00  (VIOLATED)
   g156856/A2                   0.28           1.28          -1.00  (VIOLATED)
   g156857/A2                   0.28           1.28          -1.00  (VIOLATED)
   g156899/C                    0.28           1.28          -1.00  (VIOLATED)
   g156900/B                    0.28           1.28          -1.00  (VIOLATED)
   g156901/B                    0.28           1.28          -1.00  (VIOLATED)
   g156906/B                    0.28           1.28          -1.00  (VIOLATED)
   g156909/B                    0.28           1.28          -1.00  (VIOLATED)
   g156912/C                    0.28           1.28          -1.00  (VIOLATED)
   g156915/B                    0.28           1.28          -1.00  (VIOLATED)
   g160237/Y                    0.28           1.28          -1.00  (VIOLATED)
   FE_DBTC0_n_1793/A            0.28           1.14          -0.86  (VIOLATED)
   g155706/A0                   0.28           1.14          -0.86  (VIOLATED)
   g155707/A0                   0.28           1.14          -0.86  (VIOLATED)
   g155708/A0                   0.28           1.14          -0.86  (VIOLATED)
   g155875/A0                   0.28           1.14          -0.86  (VIOLATED)
   g155876/A0                   0.28           1.14          -0.86  (VIOLATED)
   g155882/A0                   0.28           1.14          -0.86  (VIOLATED)
   g155883/A0                   0.28           1.14          -0.86  (VIOLATED)
   g155946/A0                   0.28           1.14          -0.86  (VIOLATED)
   g155958/A0                   0.28           1.14          -0.86  (VIOLATED)
   g155959/A0                   0.28           1.14          -0.86  (VIOLATED)
   g156015/B0                   0.28           1.14          -0.86  (VIOLATED)
   g156026/B0                   0.28           1.14          -0.86  (VIOLATED)
   g156027/B0                   0.28           1.14          -0.86  (VIOLATED)
   g156030/A0                   0.28           1.14          -0.86  (VIOLATED)
   g156031/A0                   0.28           1.14          -0.86  (VIOLATED)
   g156039/B0                   0.28           1.14          -0.86  (VIOLATED)
   g156040/B0                   0.28           1.14          -0.86  (VIOLATED)
   g156041/B0                   0.28           1.14          -0.86  (VIOLATED)
   g156043/A0                   0.28           1.14          -0.86  (VIOLATED)
   g156044/A0                   0.28           1.14          -0.86  (VIOLATED)
   g156080/A0                   0.28           1.14          -0.86  (VIOLATED)
   g156081/A0                   0.28           1.14          -0.86  (VIOLATED)
   g156082/A0                   0.28           1.14          -0.86  (VIOLATED)
   g156156/A0                   0.28           1.14          -0.86  (VIOLATED)
   g156157/A0                   0.28           1.14          -0.86  (VIOLATED)
   g156158/A0                   0.28           1.14          -0.86  (VIOLATED)
   g156159/A0                   0.28           1.14          -0.86  (VIOLATED)
   g156167/A0                   0.28           1.14          -0.86  (VIOLATED)
   g156251/B0                   0.28           1.14          -0.86  (VIOLATED)
   g156252/B0                   0.28           1.14          -0.86  (VIOLATED)
   g156517/B0                   0.28           1.14          -0.86  (VIOLATED)
   g156545/B0                   0.28           1.14          -0.86  (VIOLATED)
   g156546/B0                   0.28           1.14          -0.86  (VIOLATED)
   g156548/B0                   0.28           1.14          -0.86  (VIOLATED)
   g156549/B0                   0.28           1.14          -0.86  (VIOLATED)
   g156550/B0                   0.28           1.14          -0.86  (VIOLATED)
   g156551/B0                   0.28           1.14          -0.86  (VIOLATED)
   g156553/B0                   0.28           1.14          -0.86  (VIOLATED)
   g156557/B0                   0.28           1.14          -0.86  (VIOLATED)
   g156558/B0                   0.28           1.14          -0.86  (VIOLATED)
   g156559/B0                   0.28           1.14          -0.86  (VIOLATED)
   g156560/B0                   0.28           1.14          -0.86  (VIOLATED)
   g156561/B0                   0.28           1.14          -0.86  (VIOLATED)
   g156564/B0                   0.28           1.14          -0.86  (VIOLATED)
   g156565/B0                   0.28           1.14          -0.86  (VIOLATED)
   g156566/B0                   0.28           1.14          -0.86  (VIOLATED)
   g156567/B0                   0.28           1.14          -0.86  (VIOLATED)
   g156568/B0                   0.28           1.14          -0.86  (VIOLATED)
   g156571/B0                   0.28           1.14          -0.86  (VIOLATED)
   g156572/B0                   0.28           1.14          -0.86  (VIOLATED)
   g156573/B0                   0.28           1.14          -0.86  (VIOLATED)
   g156574/B0                   0.28           1.14          -0.86  (VIOLATED)
   g156575/B0                   0.28           1.14          -0.86  (VIOLATED)
   g156576/B0                   0.28           1.14          -0.86  (VIOLATED)
   g156577/B0                   0.28           1.14          -0.86  (VIOLATED)
   g156579/B0                   0.28           1.14          -0.86  (VIOLATED)
   g156582/B0                   0.28           1.14          -0.86  (VIOLATED)
   g156583/B0                   0.28           1.14          -0.86  (VIOLATED)
   g156921/A0                   0.28           1.14          -0.86  (VIOLATED)
   g156922/A0                   0.28           1.14          -0.86  (VIOLATED)
   g156924/A0                   0.28           1.14          -0.86  (VIOLATED)
   g156925/A0                   0.28           1.14          -0.86  (VIOLATED)
   g156927/A0                   0.28           1.14          -0.86  (VIOLATED)
   g156929/A0                   0.28           1.14          -0.86  (VIOLATED)
   g156930/A0                   0.28           1.14          -0.86  (VIOLATED)
   g157505/A                    0.28           1.14          -0.86  (VIOLATED)
   g157901/A                    0.28           1.14          -0.86  (VIOLATED)
   g158307/Y                    0.28           1.14          -0.86  (VIOLATED)
   FE_DBTC0_n_1793/Y            0.28           0.70          -0.42  (VIOLATED)
   g156016/B0                   0.28           0.70          -0.42  (VIOLATED)
   g156029/B0                   0.28           0.70          -0.42  (VIOLATED)
   g156053/B0                   0.28           0.70          -0.42  (VIOLATED)
   g156055/B0                   0.28           0.70          -0.42  (VIOLATED)
   g156056/B0                   0.28           0.70          -0.42  (VIOLATED)
   g156074/A0                   0.28           0.70          -0.42  (VIOLATED)
   g156116/B0                   0.28           0.70          -0.42  (VIOLATED)
   g156118/A0                   0.28           0.70          -0.42  (VIOLATED)
   g156153/B0                   0.28           0.70          -0.42  (VIOLATED)
   g156154/B0                   0.28           0.70          -0.42  (VIOLATED)
   g156174/A0                   0.28           0.70          -0.42  (VIOLATED)
   g156484/A0                   0.28           0.70          -0.42  (VIOLATED)
   g156485/A0                   0.28           0.70          -0.42  (VIOLATED)
   g156493/A0                   0.28           0.70          -0.42  (VIOLATED)
   g156528/B0                   0.28           0.70          -0.42  (VIOLATED)
   g156529/B0                   0.28           0.70          -0.42  (VIOLATED)
   g156530/B0                   0.28           0.70          -0.42  (VIOLATED)
   g156531/B0                   0.28           0.70          -0.42  (VIOLATED)
   g156532/B0                   0.28           0.70          -0.42  (VIOLATED)
   g156533/B0                   0.28           0.70          -0.42  (VIOLATED)
   g156535/B0                   0.28           0.70          -0.42  (VIOLATED)
   g156536/B0                   0.28           0.70          -0.42  (VIOLATED)
   g156537/B0                   0.28           0.70          -0.42  (VIOLATED)
   g156538/B0                   0.28           0.70          -0.42  (VIOLATED)
   g156539/B0                   0.28           0.70          -0.42  (VIOLATED)
   g156540/B0                   0.28           0.70          -0.42  (VIOLATED)
   g156541/B0                   0.28           0.70          -0.42  (VIOLATED)
   g156542/B0                   0.28           0.70          -0.42  (VIOLATED)
   g156543/B0                   0.28           0.70          -0.42  (VIOLATED)
   g156544/B0                   0.28           0.70          -0.42  (VIOLATED)
   g156547/A0                   0.28           0.70          -0.42  (VIOLATED)
   g156563/A0                   0.28           0.70          -0.42  (VIOLATED)
   g156759/A0                   0.28           0.70          -0.42  (VIOLATED)
   g156760/A0                   0.28           0.70          -0.42  (VIOLATED)
   g156761/A0                   0.28           0.70          -0.42  (VIOLATED)
   g156762/A0                   0.28           0.70          -0.42  (VIOLATED)
   g156763/A0                   0.28           0.70          -0.42  (VIOLATED)
   g156764/A0                   0.28           0.70          -0.42  (VIOLATED)
   g156765/A0                   0.28           0.70          -0.42  (VIOLATED)
   g156766/A0                   0.28           0.70          -0.42  (VIOLATED)
   g156767/A0                   0.28           0.70          -0.42  (VIOLATED)
   g156768/A0                   0.28           0.70          -0.42  (VIOLATED)
   g156769/A0                   0.28           0.70          -0.42  (VIOLATED)
   g156770/A0                   0.28           0.70          -0.42  (VIOLATED)
   g156771/A0                   0.28           0.70          -0.42  (VIOLATED)
   g156772/A0                   0.28           0.70          -0.42  (VIOLATED)
   g156773/A0                   0.28           0.70          -0.42  (VIOLATED)
   g156774/A0                   0.28           0.70          -0.42  (VIOLATED)
   g156775/A0                   0.28           0.70          -0.42  (VIOLATED)
   g156813/A0                   0.28           0.70          -0.42  (VIOLATED)
   g156920/A0                   0.28           0.70          -0.42  (VIOLATED)
   g157170/A0                   0.28           0.70          -0.42  (VIOLATED)
   g157171/A0                   0.28           0.70          -0.42  (VIOLATED)
   g157502/A                    0.28           0.70          -0.42  (VIOLATED)
   g157503/A                    0.28           0.70          -0.42  (VIOLATED)
   g157504/A                    0.28           0.70          -0.42  (VIOLATED)
   g157506/A                    0.28           0.70          -0.42  (VIOLATED)
   g157507/A                    0.28           0.70          -0.42  (VIOLATED)
   g157508/A                    0.28           0.70          -0.42  (VIOLATED)
   g157509/A                    0.28           0.70          -0.42  (VIOLATED)
   g157510/A                    0.28           0.70          -0.42  (VIOLATED)
   FE_DBTC1_n_1129/A            0.28           0.55          -0.27  (VIOLATED)
   g154560/A0                   0.28           0.55          -0.27  (VIOLATED)
   g155259/A0                   0.28           0.55          -0.27  (VIOLATED)
   g155452/A0                   0.28           0.55          -0.27  (VIOLATED)
   g155459/A0                   0.28           0.55          -0.27  (VIOLATED)
   g155808/A0                   0.28           0.55          -0.27  (VIOLATED)
   g155810/A0                   0.28           0.55          -0.27  (VIOLATED)
   g155813/A0                   0.28           0.55          -0.27  (VIOLATED)
   g155895/A0                   0.28           0.55          -0.27  (VIOLATED)
   g155896/A0                   0.28           0.55          -0.27  (VIOLATED)
   g155897/A0                   0.28           0.55          -0.27  (VIOLATED)
   g155898/A0                   0.28           0.55          -0.27  (VIOLATED)
   g155899/A0                   0.28           0.55          -0.27  (VIOLATED)
   g155900/A0                   0.28           0.55          -0.27  (VIOLATED)
   g155901/A0                   0.28           0.55          -0.27  (VIOLATED)
   g155902/A0                   0.28           0.55          -0.27  (VIOLATED)
   g155903/A0                   0.28           0.55          -0.27  (VIOLATED)
   g155904/A0                   0.28           0.55          -0.27  (VIOLATED)
   g155905/A0                   0.28           0.55          -0.27  (VIOLATED)
   g155906/A0                   0.28           0.55          -0.27  (VIOLATED)
   g155907/A0                   0.28           0.55          -0.27  (VIOLATED)
   g155908/A0                   0.28           0.55          -0.27  (VIOLATED)
   g155909/A0                   0.28           0.55          -0.27  (VIOLATED)
   g155961/A0                   0.28           0.55          -0.27  (VIOLATED)
   g155963/A0                   0.28           0.55          -0.27  (VIOLATED)
   g155965/A0                   0.28           0.55          -0.27  (VIOLATED)
   g157168/B0                   0.28           0.55          -0.27  (VIOLATED)
   g157169/B0                   0.28           0.55          -0.27  (VIOLATED)
   g158969/Y                    0.28           0.55          -0.27  (VIOLATED)
   FE_DBTC35_n_7050/Y           0.28           0.34          -0.06  (VIOLATED)
   lanes_lane0_sub_37_41_Y_lanes_lane0_add_32_41_g989/A
                                0.28           0.34          -0.06  (VIOLATED)
   lanes_lane0_sub_37_41_Y_lanes_lane0_add_32_41_g990/A
                                0.28           0.34          -0.06  (VIOLATED)
   lanes_lane0_sub_37_41_Y_lanes_lane0_add_32_41_g991/A
                                0.28           0.34          -0.06  (VIOLATED)
   lanes_lane0_sub_37_41_Y_lanes_lane0_add_32_41_g992/A
                                0.28           0.34          -0.06  (VIOLATED)
   lanes_lane0_sub_37_41_Y_lanes_lane0_add_32_41_g993/A
                                0.28           0.34          -0.06  (VIOLATED)
   lanes_lane0_sub_37_41_Y_lanes_lane0_add_32_41_g994/A
                                0.28           0.34          -0.06  (VIOLATED)
   lanes_lane0_sub_37_41_Y_lanes_lane0_add_32_41_g995/A
                                0.28           0.34          -0.06  (VIOLATED)
   lanes_lane0_sub_37_41_Y_lanes_lane0_add_32_41_g996/A
                                0.28           0.34          -0.06  (VIOLATED)
   lanes_lane0_sub_37_41_Y_lanes_lane0_add_32_41_g997/A
                                0.28           0.34          -0.06  (VIOLATED)
   lanes_lane0_sub_37_41_Y_lanes_lane0_add_32_41_g998/A
                                0.28           0.34          -0.06  (VIOLATED)
   lanes_lane0_sub_37_41_Y_lanes_lane0_add_32_41_g999/A
                                0.28           0.34          -0.06  (VIOLATED)
   lanes_lane0_sub_37_41_Y_lanes_lane0_add_32_41_g1000/A
                                0.28           0.34          -0.06  (VIOLATED)
   lanes_lane0_sub_37_41_Y_lanes_lane0_add_32_41_g1001/A
                                0.28           0.34          -0.06  (VIOLATED)
   lanes_lane0_sub_37_41_Y_lanes_lane0_add_32_41_g1002/A
                                0.28           0.34          -0.06  (VIOLATED)
   lanes_lane0_sub_37_41_Y_lanes_lane0_add_32_41_g1003/A
                                0.28           0.34          -0.06  (VIOLATED)
   lanes_lane0_sub_37_41_Y_lanes_lane0_add_32_41_g1004/A
                                0.28           0.34          -0.06  (VIOLATED)
   lanes_lane0_sub_37_41_Y_lanes_lane0_add_32_41_g1005/B
                                0.28           0.34          -0.06  (VIOLATED)
   lanes_lane0_sub_37_41_Y_lanes_lane0_add_32_41_g1006/A
                                0.28           0.34          -0.06  (VIOLATED)
   lanes_lane0_sub_37_41_Y_lanes_lane0_add_32_41_g1007/A
                                0.28           0.34          -0.06  (VIOLATED)
   lanes_lane0_sub_37_41_Y_lanes_lane0_add_32_41_g1008/A
                                0.28           0.34          -0.06  (VIOLATED)
   lanes_lane0_sub_37_41_Y_lanes_lane0_add_32_41_g1009/A
                                0.28           0.34          -0.06  (VIOLATED)
   lanes_lane0_sub_37_41_Y_lanes_lane0_add_32_41_g1010/A
                                0.28           0.34          -0.06  (VIOLATED)
   lanes_lane0_sub_37_41_Y_lanes_lane0_add_32_41_g1011/A
                                0.28           0.34          -0.06  (VIOLATED)
   lanes_lane0_sub_37_41_Y_lanes_lane0_add_32_41_g1012/A
                                0.28           0.34          -0.06  (VIOLATED)
   lanes_lane0_sub_37_41_Y_lanes_lane0_add_32_41_g1013/A
                                0.28           0.34          -0.06  (VIOLATED)
   lanes_lane0_sub_37_41_Y_lanes_lane0_add_32_41_g1014/A
                                0.28           0.34          -0.06  (VIOLATED)
   lanes_lane0_sub_37_41_Y_lanes_lane0_add_32_41_g1015/A
                                0.28           0.34          -0.06  (VIOLATED)
   lanes_lane0_sub_37_41_Y_lanes_lane0_add_32_41_g1016/A
                                0.28           0.34          -0.06  (VIOLATED)
   lanes_lane0_sub_37_41_Y_lanes_lane0_add_32_41_g1017/A
                                0.28           0.34          -0.06  (VIOLATED)
   lanes_lane0_sub_37_41_Y_lanes_lane0_add_32_41_g1018/A
                                0.28           0.34          -0.06  (VIOLATED)
   lanes_lane0_sub_37_41_Y_lanes_lane0_add_32_41_g1019/A
                                0.28           0.34          -0.06  (VIOLATED)
   lanes_lane0_sub_37_41_Y_lanes_lane0_add_32_41_g1020/A
                                0.28           0.34          -0.06  (VIOLATED)
   lanes_lane1_add_32_41_Y_lanes_lane1_sub_37_41_g989/A
                                0.28           0.34          -0.06  (VIOLATED)
   lanes_lane1_add_32_41_Y_lanes_lane1_sub_37_41_g990/A
                                0.28           0.34          -0.06  (VIOLATED)
   lanes_lane1_add_32_41_Y_lanes_lane1_sub_37_41_g991/A
                                0.28           0.34          -0.06  (VIOLATED)
   lanes_lane1_add_32_41_Y_lanes_lane1_sub_37_41_g992/A
                                0.28           0.34          -0.06  (VIOLATED)
   lanes_lane1_add_32_41_Y_lanes_lane1_sub_37_41_g993/A
                                0.28           0.34          -0.06  (VIOLATED)
   lanes_lane1_add_32_41_Y_lanes_lane1_sub_37_41_g994/A
                                0.28           0.34          -0.06  (VIOLATED)
   lanes_lane1_add_32_41_Y_lanes_lane1_sub_37_41_g995/A
                                0.28           0.34          -0.06  (VIOLATED)
   lanes_lane1_add_32_41_Y_lanes_lane1_sub_37_41_g996/A
                                0.28           0.34          -0.06  (VIOLATED)
   lanes_lane1_add_32_41_Y_lanes_lane1_sub_37_41_g997/A
                                0.28           0.34          -0.06  (VIOLATED)
   lanes_lane1_add_32_41_Y_lanes_lane1_sub_37_41_g998/A
                                0.28           0.34          -0.06  (VIOLATED)
   lanes_lane1_add_32_41_Y_lanes_lane1_sub_37_41_g999/A
                                0.28           0.34          -0.06  (VIOLATED)
   lanes_lane1_add_32_41_Y_lanes_lane1_sub_37_41_g1000/A
                                0.28           0.34          -0.06  (VIOLATED)
   lanes_lane1_add_32_41_Y_lanes_lane1_sub_37_41_g1001/A
                                0.28           0.34          -0.06  (VIOLATED)
   lanes_lane1_add_32_41_Y_lanes_lane1_sub_37_41_g1002/A
                                0.28           0.34          -0.06  (VIOLATED)
   lanes_lane1_add_32_41_Y_lanes_lane1_sub_37_41_g1003/A
                                0.28           0.34          -0.06  (VIOLATED)
   lanes_lane1_add_32_41_Y_lanes_lane1_sub_37_41_g1004/A
                                0.28           0.34          -0.06  (VIOLATED)
   lanes_lane1_add_32_41_Y_lanes_lane1_sub_37_41_g1005/B
                                0.28           0.34          -0.06  (VIOLATED)
   lanes_lane1_add_32_41_Y_lanes_lane1_sub_37_41_g1006/A
                                0.28           0.34          -0.06  (VIOLATED)
   lanes_lane1_add_32_41_Y_lanes_lane1_sub_37_41_g1007/A
                                0.28           0.34          -0.06  (VIOLATED)
   lanes_lane1_add_32_41_Y_lanes_lane1_sub_37_41_g1008/A
                                0.28           0.34          -0.06  (VIOLATED)
   lanes_lane1_add_32_41_Y_lanes_lane1_sub_37_41_g1009/A
                                0.28           0.34          -0.06  (VIOLATED)
   lanes_lane1_add_32_41_Y_lanes_lane1_sub_37_41_g1010/A
                                0.28           0.34          -0.06  (VIOLATED)
   lanes_lane1_add_32_41_Y_lanes_lane1_sub_37_41_g1011/A
                                0.28           0.34          -0.06  (VIOLATED)
   lanes_lane1_add_32_41_Y_lanes_lane1_sub_37_41_g1012/A
                                0.28           0.34          -0.06  (VIOLATED)
   lanes_lane1_add_32_41_Y_lanes_lane1_sub_37_41_g1013/A
                                0.28           0.34          -0.06  (VIOLATED)
   lanes_lane1_add_32_41_Y_lanes_lane1_sub_37_41_g1014/A
                                0.28           0.34          -0.06  (VIOLATED)
   lanes_lane1_add_32_41_Y_lanes_lane1_sub_37_41_g1015/A
                                0.28           0.34          -0.06  (VIOLATED)
   lanes_lane1_add_32_41_Y_lanes_lane1_sub_37_41_g1016/A
                                0.28           0.34          -0.06  (VIOLATED)
   lanes_lane1_add_32_41_Y_lanes_lane1_sub_37_41_g1017/A
                                0.28           0.34          -0.06  (VIOLATED)
   lanes_lane1_add_32_41_Y_lanes_lane1_sub_37_41_g1018/A
                                0.28           0.34          -0.06  (VIOLATED)
   lanes_lane1_add_32_41_Y_lanes_lane1_sub_37_41_g1019/A
                                0.28           0.34          -0.06  (VIOLATED)
   lanes_lane1_add_32_41_Y_lanes_lane1_sub_37_41_g1020/A
                                0.28           0.34          -0.06  (VIOLATED)
   lanes_lane2_add_32_41_Y_lanes_lane2_sub_37_41_g989/A
                                0.28           0.34          -0.06  (VIOLATED)
   lanes_lane2_add_32_41_Y_lanes_lane2_sub_37_41_g990/A
                                0.28           0.34          -0.06  (VIOLATED)
   lanes_lane2_add_32_41_Y_lanes_lane2_sub_37_41_g991/A
                                0.28           0.34          -0.06  (VIOLATED)
   lanes_lane2_add_32_41_Y_lanes_lane2_sub_37_41_g992/A
                                0.28           0.34          -0.06  (VIOLATED)
   lanes_lane2_add_32_41_Y_lanes_lane2_sub_37_41_g993/A
                                0.28           0.34          -0.06  (VIOLATED)
   lanes_lane2_add_32_41_Y_lanes_lane2_sub_37_41_g994/A
                                0.28           0.34          -0.06  (VIOLATED)
   lanes_lane2_add_32_41_Y_lanes_lane2_sub_37_41_g995/A
                                0.28           0.34          -0.06  (VIOLATED)
   lanes_lane2_add_32_41_Y_lanes_lane2_sub_37_41_g996/A
                                0.28           0.34          -0.06  (VIOLATED)
   lanes_lane2_add_32_41_Y_lanes_lane2_sub_37_41_g997/A
                                0.28           0.34          -0.06  (VIOLATED)
   lanes_lane2_add_32_41_Y_lanes_lane2_sub_37_41_g998/A
                                0.28           0.34          -0.06  (VIOLATED)
   lanes_lane2_add_32_41_Y_lanes_lane2_sub_37_41_g999/A
                                0.28           0.34          -0.06  (VIOLATED)
   lanes_lane2_add_32_41_Y_lanes_lane2_sub_37_41_g1000/A
                                0.28           0.34          -0.06  (VIOLATED)
   lanes_lane2_add_32_41_Y_lanes_lane2_sub_37_41_g1001/A
                                0.28           0.34          -0.06  (VIOLATED)
   lanes_lane2_add_32_41_Y_lanes_lane2_sub_37_41_g1002/A
                                0.28           0.34          -0.06  (VIOLATED)
   lanes_lane2_add_32_41_Y_lanes_lane2_sub_37_41_g1003/A
                                0.28           0.34          -0.06  (VIOLATED)
   lanes_lane2_add_32_41_Y_lanes_lane2_sub_37_41_g1004/A
                                0.28           0.34          -0.06  (VIOLATED)
   lanes_lane2_add_32_41_Y_lanes_lane2_sub_37_41_g1005/B
                                0.28           0.34          -0.06  (VIOLATED)
   lanes_lane2_add_32_41_Y_lanes_lane2_sub_37_41_g1006/A
                                0.28           0.34          -0.06  (VIOLATED)
   lanes_lane2_add_32_41_Y_lanes_lane2_sub_37_41_g1007/A
                                0.28           0.34          -0.06  (VIOLATED)
   lanes_lane2_add_32_41_Y_lanes_lane2_sub_37_41_g1008/A
                                0.28           0.34          -0.06  (VIOLATED)
   lanes_lane2_add_32_41_Y_lanes_lane2_sub_37_41_g1009/A
                                0.28           0.34          -0.06  (VIOLATED)
   lanes_lane2_add_32_41_Y_lanes_lane2_sub_37_41_g1010/A
                                0.28           0.34          -0.06  (VIOLATED)
   lanes_lane2_add_32_41_Y_lanes_lane2_sub_37_41_g1011/A
                                0.28           0.34          -0.06  (VIOLATED)
   lanes_lane2_add_32_41_Y_lanes_lane2_sub_37_41_g1012/A
                                0.28           0.34          -0.06  (VIOLATED)
   lanes_lane2_add_32_41_Y_lanes_lane2_sub_37_41_g1013/A
                                0.28           0.34          -0.06  (VIOLATED)
   lanes_lane2_add_32_41_Y_lanes_lane2_sub_37_41_g1014/A
                                0.28           0.34          -0.06  (VIOLATED)
   lanes_lane2_add_32_41_Y_lanes_lane2_sub_37_41_g1015/A
                                0.28           0.34          -0.06  (VIOLATED)
   lanes_lane2_add_32_41_Y_lanes_lane2_sub_37_41_g1016/A
                                0.28           0.34          -0.06  (VIOLATED)
   lanes_lane2_add_32_41_Y_lanes_lane2_sub_37_41_g1017/A
                                0.28           0.34          -0.06  (VIOLATED)
   lanes_lane2_add_32_41_Y_lanes_lane2_sub_37_41_g1018/A
                                0.28           0.34          -0.06  (VIOLATED)
   lanes_lane2_add_32_41_Y_lanes_lane2_sub_37_41_g1019/A
                                0.28           0.34          -0.06  (VIOLATED)
   lanes_lane2_add_32_41_Y_lanes_lane2_sub_37_41_g1020/A
                                0.28           0.34          -0.06  (VIOLATED)
   lanes_lane3_add_32_41_Y_lanes_lane3_sub_37_41_g989/A
                                0.28           0.34          -0.06  (VIOLATED)
   lanes_lane3_add_32_41_Y_lanes_lane3_sub_37_41_g990/A
                                0.28           0.34          -0.06  (VIOLATED)
   lanes_lane3_add_32_41_Y_lanes_lane3_sub_37_41_g991/A
                                0.28           0.34          -0.06  (VIOLATED)
   lanes_lane3_add_32_41_Y_lanes_lane3_sub_37_41_g992/A
                                0.28           0.34          -0.06  (VIOLATED)
   lanes_lane3_add_32_41_Y_lanes_lane3_sub_37_41_g993/A
                                0.28           0.34          -0.06  (VIOLATED)
   lanes_lane3_add_32_41_Y_lanes_lane3_sub_37_41_g994/A
                                0.28           0.34          -0.06  (VIOLATED)
   lanes_lane3_add_32_41_Y_lanes_lane3_sub_37_41_g995/A
                                0.28           0.34          -0.06  (VIOLATED)
   lanes_lane3_add_32_41_Y_lanes_lane3_sub_37_41_g996/A
                                0.28           0.34          -0.06  (VIOLATED)
   lanes_lane3_add_32_41_Y_lanes_lane3_sub_37_41_g997/A
                                0.28           0.34          -0.06  (VIOLATED)
   lanes_lane3_add_32_41_Y_lanes_lane3_sub_37_41_g998/A
                                0.28           0.34          -0.06  (VIOLATED)
   lanes_lane3_add_32_41_Y_lanes_lane3_sub_37_41_g999/A
                                0.28           0.34          -0.06  (VIOLATED)
   lanes_lane3_add_32_41_Y_lanes_lane3_sub_37_41_g1000/A
                                0.28           0.34          -0.06  (VIOLATED)
   lanes_lane3_add_32_41_Y_lanes_lane3_sub_37_41_g1001/A
                                0.28           0.34          -0.06  (VIOLATED)
   lanes_lane3_add_32_41_Y_lanes_lane3_sub_37_41_g1002/A
                                0.28           0.34          -0.06  (VIOLATED)
   lanes_lane3_add_32_41_Y_lanes_lane3_sub_37_41_g1003/A
                                0.28           0.34          -0.06  (VIOLATED)
   lanes_lane3_add_32_41_Y_lanes_lane3_sub_37_41_g1004/A
                                0.28           0.34          -0.06  (VIOLATED)
   lanes_lane3_add_32_41_Y_lanes_lane3_sub_37_41_g1005/A
                                0.28           0.34          -0.06  (VIOLATED)
   lanes_lane3_add_32_41_Y_lanes_lane3_sub_37_41_g1006/A
                                0.28           0.34          -0.06  (VIOLATED)
   lanes_lane3_add_32_41_Y_lanes_lane3_sub_37_41_g1007/A
                                0.28           0.34          -0.06  (VIOLATED)
   lanes_lane3_add_32_41_Y_lanes_lane3_sub_37_41_g1008/A
                                0.28           0.34          -0.06  (VIOLATED)
   lanes_lane3_add_32_41_Y_lanes_lane3_sub_37_41_g1009/A
                                0.28           0.34          -0.06  (VIOLATED)
   lanes_lane3_add_32_41_Y_lanes_lane3_sub_37_41_g1010/A
                                0.28           0.34          -0.06  (VIOLATED)
   lanes_lane3_add_32_41_Y_lanes_lane3_sub_37_41_g1011/A
                                0.28           0.34          -0.06  (VIOLATED)
   lanes_lane3_add_32_41_Y_lanes_lane3_sub_37_41_g1012/A
                                0.28           0.34          -0.06  (VIOLATED)
   lanes_lane3_add_32_41_Y_lanes_lane3_sub_37_41_g1013/A
                                0.28           0.34          -0.06  (VIOLATED)
   lanes_lane3_add_32_41_Y_lanes_lane3_sub_37_41_g1014/A
                                0.28           0.34          -0.06  (VIOLATED)
   lanes_lane3_add_32_41_Y_lanes_lane3_sub_37_41_g1015/A
                                0.28           0.34          -0.06  (VIOLATED)
   lanes_lane3_add_32_41_Y_lanes_lane3_sub_37_41_g1016/A
                                0.28           0.34          -0.06  (VIOLATED)
   lanes_lane3_add_32_41_Y_lanes_lane3_sub_37_41_g1017/A
                                0.28           0.34          -0.06  (VIOLATED)
   lanes_lane3_add_32_41_Y_lanes_lane3_sub_37_41_g1018/A
                                0.28           0.34          -0.06  (VIOLATED)
   lanes_lane3_add_32_41_Y_lanes_lane3_sub_37_41_g1019/A
                                0.28           0.34          -0.06  (VIOLATED)
   lanes_lane3_add_32_41_Y_lanes_lane3_sub_37_41_g1020/A
                                0.28           0.34          -0.06  (VIOLATED)
   lanes_lane0_mul_69_34_g3640/C1
                                0.28           0.31          -0.03  (VIOLATED)
   lanes_lane0_mul_69_34_g3874/C1
                                0.28           0.31          -0.03  (VIOLATED)
   lanes_lane0_mul_69_34_g3889/B1
                                0.28           0.31          -0.03  (VIOLATED)
   lanes_lane0_mul_69_34_g3890/B1
                                0.28           0.31          -0.03  (VIOLATED)
   lanes_lane0_mul_69_34_g3891/B1
                                0.28           0.31          -0.03  (VIOLATED)
   lanes_lane0_mul_69_34_g3892/B1
                                0.28           0.31          -0.03  (VIOLATED)
   lanes_lane0_mul_69_34_g3893/B1
                                0.28           0.31          -0.03  (VIOLATED)
   lanes_lane0_mul_69_34_g3898/B1
                                0.28           0.31          -0.03  (VIOLATED)
   lanes_lane0_mul_69_34_g3899/B1
                                0.28           0.31          -0.03  (VIOLATED)
   lanes_lane0_mul_69_34_g3900/B1
                                0.28           0.31          -0.03  (VIOLATED)
   lanes_lane0_mul_69_34_g3901/B1
                                0.28           0.31          -0.03  (VIOLATED)
   lanes_lane0_mul_69_34_g3902/B1
                                0.28           0.31          -0.03  (VIOLATED)
   lanes_lane0_mul_69_34_g3903/B1
                                0.28           0.31          -0.03  (VIOLATED)
   lanes_lane0_mul_69_34_g3904/B1
                                0.28           0.31          -0.03  (VIOLATED)
   lanes_lane0_mul_69_34_g3905/B1
                                0.28           0.31          -0.03  (VIOLATED)
   lanes_lane0_mul_69_34_g3906/B1
                                0.28           0.31          -0.03  (VIOLATED)
   lanes_lane0_mul_69_34_g4004/Y
                                0.28           0.31          -0.03  (VIOLATED)
   lanes_lane2_mul_69_34_g3631/C1
                                0.28           0.31          -0.03  (VIOLATED)
   lanes_lane2_mul_69_34_g3851/C1
                                0.28           0.31          -0.03  (VIOLATED)
   lanes_lane2_mul_69_34_g3866/B1
                                0.28           0.31          -0.03  (VIOLATED)
   lanes_lane2_mul_69_34_g3867/B1
                                0.28           0.31          -0.03  (VIOLATED)
   lanes_lane2_mul_69_34_g3868/B1
                                0.28           0.31          -0.03  (VIOLATED)
   lanes_lane2_mul_69_34_g3869/B1
                                0.28           0.31          -0.03  (VIOLATED)
   lanes_lane2_mul_69_34_g3870/B1
                                0.28           0.31          -0.03  (VIOLATED)
   lanes_lane2_mul_69_34_g3871/B1
                                0.28           0.31          -0.03  (VIOLATED)
   lanes_lane2_mul_69_34_g3875/B1
                                0.28           0.31          -0.03  (VIOLATED)
   lanes_lane2_mul_69_34_g3876/B1
                                0.28           0.31          -0.03  (VIOLATED)
   lanes_lane2_mul_69_34_g3877/B1
                                0.28           0.31          -0.03  (VIOLATED)
   lanes_lane2_mul_69_34_g3878/B1
                                0.28           0.31          -0.03  (VIOLATED)
   lanes_lane2_mul_69_34_g3879/B1
                                0.28           0.31          -0.03  (VIOLATED)
   lanes_lane2_mul_69_34_g3880/B1
                                0.28           0.31          -0.03  (VIOLATED)
   lanes_lane2_mul_69_34_g3881/B1
                                0.28           0.31          -0.03  (VIOLATED)
   lanes_lane2_mul_69_34_g3882/B1
                                0.28           0.31          -0.03  (VIOLATED)
   lanes_lane2_mul_69_34_g3995/Y
                                0.28           0.31          -0.03  (VIOLATED)
   control_g1590/B              0.28           0.30          -0.02  (VIOLATED)
   control_g1591/B              0.28           0.30          -0.02  (VIOLATED)
   control_g1592/B              0.28           0.30          -0.02  (VIOLATED)
   control_g1593/B              0.28           0.30          -0.02  (VIOLATED)
   control_g1594/B              0.28           0.30          -0.02  (VIOLATED)
   control_g1595/B              0.28           0.30          -0.02  (VIOLATED)
   control_g1596/B              0.28           0.30          -0.02  (VIOLATED)
   control_g1598/B              0.28           0.30          -0.02  (VIOLATED)
   control_g1599/B              0.28           0.30          -0.02  (VIOLATED)
   control_g1600/B              0.28           0.30          -0.02  (VIOLATED)
   control_g1601/B              0.28           0.30          -0.02  (VIOLATED)
   control_g1602/B              0.28           0.30          -0.02  (VIOLATED)
   control_g1604/B              0.28           0.30          -0.02  (VIOLATED)
   control_g1605/B              0.28           0.30          -0.02  (VIOLATED)
   control_g1610/A              0.28           0.30          -0.02  (VIOLATED)
   control_g1613/Y              0.28           0.30          -0.02  (VIOLATED)
   lanes_lane3_mul_69_34_g3640/C1
                                0.28           0.30          -0.02  (VIOLATED)
   lanes_lane3_mul_69_34_g3875/C1
                                0.28           0.30          -0.02  (VIOLATED)
   lanes_lane3_mul_69_34_g3887/B1
                                0.28           0.30          -0.02  (VIOLATED)
   lanes_lane3_mul_69_34_g3888/B1
                                0.28           0.30          -0.02  (VIOLATED)
   lanes_lane3_mul_69_34_g3889/B1
                                0.28           0.30          -0.02  (VIOLATED)
   lanes_lane3_mul_69_34_g3890/B1
                                0.28           0.30          -0.02  (VIOLATED)
   lanes_lane3_mul_69_34_g3891/B1
                                0.28           0.30          -0.02  (VIOLATED)
   lanes_lane3_mul_69_34_g3892/B1
                                0.28           0.30          -0.02  (VIOLATED)
   lanes_lane3_mul_69_34_g3897/B1
                                0.28           0.30          -0.02  (VIOLATED)
   lanes_lane3_mul_69_34_g3898/B1
                                0.28           0.30          -0.02  (VIOLATED)
   lanes_lane3_mul_69_34_g3899/B1
                                0.28           0.30          -0.02  (VIOLATED)
   lanes_lane3_mul_69_34_g3900/B1
                                0.28           0.30          -0.02  (VIOLATED)
   lanes_lane3_mul_69_34_g3901/B1
                                0.28           0.30          -0.02  (VIOLATED)
   lanes_lane3_mul_69_34_g3902/B1
                                0.28           0.30          -0.02  (VIOLATED)
   lanes_lane3_mul_69_34_g3903/B1
                                0.28           0.30          -0.02  (VIOLATED)
   lanes_lane3_mul_69_34_g3904/B1
                                0.28           0.30          -0.02  (VIOLATED)
   lanes_lane3_mul_69_34_g4005/Y
                                0.28           0.30          -0.02  (VIOLATED)
   lanes_lane1_mul_69_34_g3640/C1
                                0.28           0.30          -0.02  (VIOLATED)
   lanes_lane1_mul_69_34_g3875/C1
                                0.28           0.30          -0.02  (VIOLATED)
   lanes_lane1_mul_69_34_g3887/B1
                                0.28           0.30          -0.02  (VIOLATED)
   lanes_lane1_mul_69_34_g3888/B1
                                0.28           0.30          -0.02  (VIOLATED)
   lanes_lane1_mul_69_34_g3889/B1
                                0.28           0.30          -0.02  (VIOLATED)
   lanes_lane1_mul_69_34_g3890/B1
                                0.28           0.30          -0.02  (VIOLATED)
   lanes_lane1_mul_69_34_g3891/B1
                                0.28           0.30          -0.02  (VIOLATED)
   lanes_lane1_mul_69_34_g3892/B1
                                0.28           0.30          -0.02  (VIOLATED)
   lanes_lane1_mul_69_34_g3897/B1
                                0.28           0.30          -0.02  (VIOLATED)
   lanes_lane1_mul_69_34_g3898/B1
                                0.28           0.30          -0.02  (VIOLATED)
   lanes_lane1_mul_69_34_g3899/B1
                                0.28           0.30          -0.02  (VIOLATED)
   lanes_lane1_mul_69_34_g3900/B1
                                0.28           0.30          -0.02  (VIOLATED)
   lanes_lane1_mul_69_34_g3901/B1
                                0.28           0.30          -0.02  (VIOLATED)
   lanes_lane1_mul_69_34_g3902/B1
                                0.28           0.30          -0.02  (VIOLATED)
   lanes_lane1_mul_69_34_g3903/B1
                                0.28           0.30          -0.02  (VIOLATED)
   lanes_lane1_mul_69_34_g3904/B1
                                0.28           0.30          -0.02  (VIOLATED)
   lanes_lane1_mul_69_34_g4005/Y
                                0.28           0.30          -0.02  (VIOLATED)
   g158182/B1                   0.28           0.29          -0.01  (VIOLATED)
   g158183/B1                   0.28           0.29          -0.01  (VIOLATED)
   g158184/B1                   0.28           0.29          -0.01  (VIOLATED)
   g158185/B1                   0.28           0.29          -0.01  (VIOLATED)
   g158186/B1                   0.28           0.29          -0.01  (VIOLATED)
   g158187/B1                   0.28           0.29          -0.01  (VIOLATED)
   g158188/B1                   0.28           0.29          -0.01  (VIOLATED)
   g158189/B1                   0.28           0.29          -0.01  (VIOLATED)
   g158190/B1                   0.28           0.29          -0.01  (VIOLATED)
   g158191/B1                   0.28           0.29          -0.01  (VIOLATED)
   g158192/B1                   0.28           0.29          -0.01  (VIOLATED)
   g158193/B1                   0.28           0.29          -0.01  (VIOLATED)
   g158194/B1                   0.28           0.29          -0.01  (VIOLATED)
   g158195/B1                   0.28           0.29          -0.01  (VIOLATED)
   g158196/B1                   0.28           0.29          -0.01  (VIOLATED)
   g158197/B1                   0.28           0.29          -0.01  (VIOLATED)
   g158198/B1                   0.28           0.29          -0.01  (VIOLATED)
   g158199/B1                   0.28           0.29          -0.01  (VIOLATED)
   g158200/B1                   0.28           0.29          -0.01  (VIOLATED)
   g158201/B1                   0.28           0.29          -0.01  (VIOLATED)
   g158202/B1                   0.28           0.29          -0.01  (VIOLATED)
   g158281/A1N                  0.28           0.29          -0.01  (VIOLATED)
   g158338/B1                   0.28           0.29          -0.01  (VIOLATED)
   g158339/B1                   0.28           0.29          -0.01  (VIOLATED)
   g158340/B1                   0.28           0.29          -0.01  (VIOLATED)
   g158341/B1                   0.28           0.29          -0.01  (VIOLATED)
   g158342/B1                   0.28           0.29          -0.01  (VIOLATED)
   g158343/B1                   0.28           0.29          -0.01  (VIOLATED)
   g158344/B1                   0.28           0.29          -0.01  (VIOLATED)
   g158345/B1                   0.28           0.29          -0.01  (VIOLATED)
   g158346/B1                   0.28           0.29          -0.01  (VIOLATED)
   g158347/B1                   0.28           0.29          -0.01  (VIOLATED)
   g158348/B1                   0.28           0.29          -0.01  (VIOLATED)
   g158349/B1                   0.28           0.29          -0.01  (VIOLATED)
   g158350/B1                   0.28           0.29          -0.01  (VIOLATED)
   g158351/B1                   0.28           0.29          -0.01  (VIOLATED)
   g158352/B1                   0.28           0.29          -0.01  (VIOLATED)
   g158353/B1                   0.28           0.29          -0.01  (VIOLATED)
   g158354/B1                   0.28           0.29          -0.01  (VIOLATED)
   g158355/B1                   0.28           0.29          -0.01  (VIOLATED)
   g158356/B1                   0.28           0.29          -0.01  (VIOLATED)
   g158357/B1                   0.28           0.29          -0.01  (VIOLATED)
   g158358/B1                   0.28           0.29          -0.01  (VIOLATED)
   g158359/B1                   0.28           0.29          -0.01  (VIOLATED)
   g158360/B1                   0.28           0.29          -0.01  (VIOLATED)
   g158361/B1                   0.28           0.29          -0.01  (VIOLATED)
   g158362/B1                   0.28           0.29          -0.01  (VIOLATED)
   g158363/B1                   0.28           0.29          -0.01  (VIOLATED)
   g158364/B1                   0.28           0.29          -0.01  (VIOLATED)
   g158365/B1                   0.28           0.29          -0.01  (VIOLATED)
   g158366/B1                   0.28           0.29          -0.01  (VIOLATED)
   g158367/B1                   0.28           0.29          -0.01  (VIOLATED)
   g158368/B1                   0.28           0.29          -0.01  (VIOLATED)
   g158369/B1                   0.28           0.29          -0.01  (VIOLATED)
   g158370/B1                   0.28           0.29          -0.01  (VIOLATED)
   g158371/B1                   0.28           0.29          -0.01  (VIOLATED)
   g158372/B1                   0.28           0.29          -0.01  (VIOLATED)
   g158373/B1                   0.28           0.29          -0.01  (VIOLATED)
   g158374/B1                   0.28           0.29          -0.01  (VIOLATED)
   g158375/B1                   0.28           0.29          -0.01  (VIOLATED)
   g158376/B1                   0.28           0.29          -0.01  (VIOLATED)
   g158377/B1                   0.28           0.29          -0.01  (VIOLATED)
   g158378/B1                   0.28           0.29          -0.01  (VIOLATED)
   g158379/B1                   0.28           0.29          -0.01  (VIOLATED)
   g158380/B1                   0.28           0.29          -0.01  (VIOLATED)
   g158381/B1                   0.28           0.29          -0.01  (VIOLATED)
   g158382/B1                   0.28           0.29          -0.01  (VIOLATED)
   g158383/B1                   0.28           0.29          -0.01  (VIOLATED)
   g158384/B1                   0.28           0.29          -0.01  (VIOLATED)
   g158385/B1                   0.28           0.29          -0.01  (VIOLATED)
   g158386/B1                   0.28           0.29          -0.01  (VIOLATED)
   g158387/B1                   0.28           0.29          -0.01  (VIOLATED)
   g158388/B1                   0.28           0.29          -0.01  (VIOLATED)
   g158389/B1                   0.28           0.29          -0.01  (VIOLATED)
   g158390/B1                   0.28           0.29          -0.01  (VIOLATED)
   g158391/B1                   0.28           0.29          -0.01  (VIOLATED)
   g158392/B1                   0.28           0.29          -0.01  (VIOLATED)
   g158393/B1                   0.28           0.29          -0.01  (VIOLATED)
   g158394/B1                   0.28           0.29          -0.01  (VIOLATED)
   g158395/B1                   0.28           0.29          -0.01  (VIOLATED)
   g158396/B1                   0.28           0.29          -0.01  (VIOLATED)
   g158397/B1                   0.28           0.29          -0.01  (VIOLATED)
   g158398/B1                   0.28           0.29          -0.01  (VIOLATED)
   g158399/B1                   0.28           0.29          -0.01  (VIOLATED)
   g158400/B1                   0.28           0.29          -0.01  (VIOLATED)
   g158401/B1                   0.28           0.29          -0.01  (VIOLATED)
   g158402/B1                   0.28           0.29          -0.01  (VIOLATED)
   g158403/B1                   0.28           0.29          -0.01  (VIOLATED)
   g158404/B1                   0.28           0.29          -0.01  (VIOLATED)
   g158405/B1                   0.28           0.29          -0.01  (VIOLATED)
   g158406/B1                   0.28           0.29          -0.01  (VIOLATED)
   g158407/B1                   0.28           0.29          -0.01  (VIOLATED)
   g158408/B1                   0.28           0.29          -0.01  (VIOLATED)
   g158409/B1                   0.28           0.29          -0.01  (VIOLATED)
   g158410/B1                   0.28           0.29          -0.01  (VIOLATED)
   g158411/B1                   0.28           0.29          -0.01  (VIOLATED)
   g158412/B1                   0.28           0.29          -0.01  (VIOLATED)
   g158413/B1                   0.28           0.29          -0.01  (VIOLATED)
   g158414/B1                   0.28           0.29          -0.01  (VIOLATED)
   g158415/B1                   0.28           0.29          -0.01  (VIOLATED)
   g158416/B1                   0.28           0.29          -0.01  (VIOLATED)
   g158417/B1                   0.28           0.29          -0.01  (VIOLATED)
   g158418/B1                   0.28           0.29          -0.01  (VIOLATED)
   g158419/B1                   0.28           0.29          -0.01  (VIOLATED)
   g158420/B1                   0.28           0.29          -0.01  (VIOLATED)
   g158421/B1                   0.28           0.29          -0.01  (VIOLATED)
   g158422/B1                   0.28           0.29          -0.01  (VIOLATED)
   g158423/B1                   0.28           0.29          -0.01  (VIOLATED)
   g158424/B1                   0.28           0.29          -0.01  (VIOLATED)
   g158425/B1                   0.28           0.29          -0.01  (VIOLATED)
   g158426/B1                   0.28           0.29          -0.01  (VIOLATED)
   g158427/B1                   0.28           0.29          -0.01  (VIOLATED)
   g158428/B1                   0.28           0.29          -0.01  (VIOLATED)
   g158429/B1                   0.28           0.29          -0.01  (VIOLATED)
   g158430/B1                   0.28           0.29          -0.01  (VIOLATED)
   g158431/B1                   0.28           0.29          -0.01  (VIOLATED)
   g158432/B1                   0.28           0.29          -0.01  (VIOLATED)
   g158433/B1                   0.28           0.29          -0.01  (VIOLATED)
   g158434/B1                   0.28           0.29          -0.01  (VIOLATED)
   g158435/B1                   0.28           0.29          -0.01  (VIOLATED)
   g158436/B1                   0.28           0.29          -0.01  (VIOLATED)
   g158437/B1                   0.28           0.29          -0.01  (VIOLATED)
   g158438/B1                   0.28           0.29          -0.01  (VIOLATED)
   g158439/B1                   0.28           0.29          -0.01  (VIOLATED)
   g158440/B1                   0.28           0.29          -0.01  (VIOLATED)
   g158441/B1                   0.28           0.29          -0.01  (VIOLATED)
   g158442/B1                   0.28           0.29          -0.01  (VIOLATED)
   g158443/B1                   0.28           0.29          -0.01  (VIOLATED)
   g158444/B1                   0.28           0.29          -0.01  (VIOLATED)
   g158445/B1                   0.28           0.29          -0.01  (VIOLATED)
   g158446/B1                   0.28           0.29          -0.01  (VIOLATED)
   g158447/B1                   0.28           0.29          -0.01  (VIOLATED)
   g158448/B1                   0.28           0.29          -0.01  (VIOLATED)
   g158449/B1                   0.28           0.29          -0.01  (VIOLATED)
   g158450/B1                   0.28           0.29          -0.01  (VIOLATED)
   g158451/B1                   0.28           0.29          -0.01  (VIOLATED)
   g158452/B1                   0.28           0.29          -0.01  (VIOLATED)
   g158453/B1                   0.28           0.29          -0.01  (VIOLATED)
   g158454/B1                   0.28           0.29          -0.01  (VIOLATED)
   g158455/B1                   0.28           0.29          -0.01  (VIOLATED)
   g158456/B1                   0.28           0.29          -0.01  (VIOLATED)
   g158457/B1                   0.28           0.29          -0.01  (VIOLATED)
   g158458/B1                   0.28           0.29          -0.01  (VIOLATED)
   g158459/B1                   0.28           0.29          -0.01  (VIOLATED)
   g158460/B1                   0.28           0.29          -0.01  (VIOLATED)
   g158461/B1                   0.28           0.29          -0.01  (VIOLATED)
   g158462/B1                   0.28           0.29          -0.01  (VIOLATED)
   g158463/B1                   0.28           0.29          -0.01  (VIOLATED)
   g158464/B1                   0.28           0.29          -0.01  (VIOLATED)
   g158465/B1                   0.28           0.29          -0.01  (VIOLATED)
   g158466/B1                   0.28           0.29          -0.01  (VIOLATED)
   g158467/B1                   0.28           0.29          -0.01  (VIOLATED)
   g158468/B1                   0.28           0.29          -0.01  (VIOLATED)
   g158469/B1                   0.28           0.29          -0.01  (VIOLATED)
   g158470/B1                   0.28           0.29          -0.01  (VIOLATED)
   g158471/B1                   0.28           0.29          -0.01  (VIOLATED)
   g158472/B1                   0.28           0.29          -0.01  (VIOLATED)
   g158473/B1                   0.28           0.29          -0.01  (VIOLATED)
   g158474/B1                   0.28           0.29          -0.01  (VIOLATED)
   g158475/B1                   0.28           0.29          -0.01  (VIOLATED)
   g158476/B1                   0.28           0.29          -0.01  (VIOLATED)
   g158477/B1                   0.28           0.29          -0.01  (VIOLATED)
   g158532/B                    0.28           0.29          -0.01  (VIOLATED)
   g158700/A                    0.28           0.29          -0.01  (VIOLATED)
   g158974/Y                    0.28           0.29          -0.01  (VIOLATED)
   csa_tree_add_85_52_groupi_g2323/B
                                0.28           0.29          -0.01  (VIOLATED)
   g107409__5107/Y              0.28           0.29          -0.01  (VIOLATED)
   g158571/B0                   0.28           0.29          -0.01  (VIOLATED)
   g159270/A0                   0.28           0.29          -0.01  (VIOLATED)
   g159370/A                    0.28           0.29          -0.01  (VIOLATED)
   g159519/A                    0.28           0.29          -0.01  (VIOLATED)
   g159556/A                    0.28           0.29          -0.01  (VIOLATED)
   lanes_lane2_add_32_41_Y_lanes_lane2_sub_37_41_g987/B
                                0.28           0.29          -0.01  (VIOLATED)
   lanes_lane2_mul_69_34_g3825/B0
                                0.28           0.29          -0.01  (VIOLATED)
   lanes_lane2_mul_69_34_g3872/B0
                                0.28           0.29          -0.01  (VIOLATED)
   lanes_lane2_mul_69_34_g3873/B0
                                0.28           0.29          -0.01  (VIOLATED)
   lanes_lane2_mul_69_34_g3874/B0
                                0.28           0.29          -0.01  (VIOLATED)
   lanes_lane2_mul_69_34_g3906/B0
                                0.28           0.29          -0.01  (VIOLATED)
   lanes_lane2_mul_69_34_g3907/B0
                                0.28           0.29          -0.01  (VIOLATED)
   lanes_lane2_mul_69_34_g4016/A
                                0.28           0.29          -0.01  (VIOLATED)
   g157180/A2                   0.28           0.28           0.00  (VIOLATED: increase significant digits)
   g157528/A0                   0.28           0.28           0.00  (VIOLATED: increase significant digits)
   g158115/B1                   0.28           0.28           0.00  (VIOLATED: increase significant digits)
   g158125/C1                   0.28           0.28           0.00  (VIOLATED: increase significant digits)
   g158480/A1                   0.28           0.28           0.00  (VIOLATED: increase significant digits)
   g158541/A                    0.28           0.28           0.00  (VIOLATED: increase significant digits)
   g158722/B                    0.28           0.28           0.00  (VIOLATED: increase significant digits)
   g158725/B                    0.28           0.28           0.00  (VIOLATED: increase significant digits)
   g158742/B                    0.28           0.28           0.00  (VIOLATED: increase significant digits)
   g158743/B                    0.28           0.28           0.00  (VIOLATED: increase significant digits)
   g158750/B                    0.28           0.28           0.00  (VIOLATED: increase significant digits)
   g158753/B                    0.28           0.28           0.00  (VIOLATED: increase significant digits)
   g158758/B                    0.28           0.28           0.00  (VIOLATED: increase significant digits)
   g158759/B                    0.28           0.28           0.00  (VIOLATED: increase significant digits)
   g158760/B                    0.28           0.28           0.00  (VIOLATED: increase significant digits)
   g158762/B                    0.28           0.28           0.00  (VIOLATED: increase significant digits)
   g158763/B                    0.28           0.28           0.00  (VIOLATED: increase significant digits)
   g158764/B                    0.28           0.28           0.00  (VIOLATED: increase significant digits)
   g158765/B                    0.28           0.28           0.00  (VIOLATED: increase significant digits)
   g158766/B                    0.28           0.28           0.00  (VIOLATED: increase significant digits)
   g158767/B                    0.28           0.28           0.00  (VIOLATED: increase significant digits)
   g158785/B                    0.28           0.28           0.00  (VIOLATED: increase significant digits)
   g158794/B                    0.28           0.28           0.00  (VIOLATED: increase significant digits)
   g158799/B                    0.28           0.28           0.00  (VIOLATED: increase significant digits)
   g158800/B                    0.28           0.28           0.00  (VIOLATED: increase significant digits)
   g158801/B                    0.28           0.28           0.00  (VIOLATED: increase significant digits)
   g158802/B                    0.28           0.28           0.00  (VIOLATED: increase significant digits)
   g159061/B                    0.28           0.28           0.00  (VIOLATED: increase significant digits)
   g159062/B                    0.28           0.28           0.00  (VIOLATED: increase significant digits)
   g159117/B                    0.28           0.28           0.00  (VIOLATED: increase significant digits)
   g159592/A                    0.28           0.28           0.00  (VIOLATED: increase significant digits)
   g159828/Y                    0.28           0.28           0.00  (VIOLATED: increase significant digits)
   control_add_97_46_Y_add_92_42_g716/B
                                0.28           0.28           0.00  (VIOLATED: increase significant digits)
   control_add_97_46_Y_add_92_42_g717/B
                                0.28           0.28           0.00  (VIOLATED: increase significant digits)
   control_add_97_46_Y_add_92_42_g718/B
                                0.28           0.28           0.00  (VIOLATED: increase significant digits)
   control_add_97_46_Y_add_92_42_g719/B
                                0.28           0.28           0.00  (VIOLATED: increase significant digits)
   control_add_97_46_Y_add_92_42_g720/B
                                0.28           0.28           0.00  (VIOLATED: increase significant digits)
   control_add_97_46_Y_add_92_42_g721/B
                                0.28           0.28           0.00  (VIOLATED: increase significant digits)
   control_add_97_46_Y_add_92_42_g722/B
                                0.28           0.28           0.00  (VIOLATED: increase significant digits)
   control_add_97_46_Y_add_92_42_g723/B
                                0.28           0.28           0.00  (VIOLATED: increase significant digits)
   control_add_97_46_Y_add_92_42_g724/B
                                0.28           0.28           0.00  (VIOLATED: increase significant digits)
   control_add_97_46_Y_add_92_42_g725/B
                                0.28           0.28           0.00  (VIOLATED: increase significant digits)
   control_add_97_46_Y_add_92_42_g726/B
                                0.28           0.28           0.00  (VIOLATED: increase significant digits)
   control_add_97_46_Y_add_92_42_g727/B
                                0.28           0.28           0.00  (VIOLATED: increase significant digits)
   control_add_97_46_Y_add_92_42_g728/B
                                0.28           0.28           0.00  (VIOLATED: increase significant digits)
   control_add_97_46_Y_add_92_42_g729/B
                                0.28           0.28           0.00  (VIOLATED: increase significant digits)
   control_add_97_46_Y_add_92_42_g745/B
                                0.28           0.28           0.00  (VIOLATED: increase significant digits)
   control_g1603/Y              0.28           0.28           0.00  (VIOLATED: increase significant digits)


1
