****************************************
Report : timing
	-path_type full
	-delay_type min
	-slack_lesser_than 1000.00
	-max_paths 20
	-sort_by slack
Design : gpu_top
Version: W-2024.09-SP2
Date   : Thu Mar 12 10:35:52 2026
****************************************


  Startpoint: lsu_state_reg[0]
               (rising edge-triggered flip-flop clocked by clk)
  Endpoint: lsu_state_reg[0]
               (rising edge-triggered flip-flop clocked by clk)
  Last common pin: clk
  Path Group: clk
  Path Type: min

  Point                                                   Incr       Path
  ------------------------------------------------------------------------------
  clock clk (rise edge)                                   0.00       0.00
  clock network delay (propagated)                        0.12       0.12
  lsu_state_reg[0]/CK (DFFHQX1)                           0.00       0.12 r
  lsu_state_reg[0]/Q (DFFHQX1)                            0.22 &     0.34 r
  g157163/Y (MXI2XL)                                      0.10 &     0.44 f
  lsu_state_reg[0]/D (DFFHQX1)                            0.00 &     0.44 f
  data arrival time                                                  0.44

  clock clk (rise edge)                                   0.00       0.00
  clock network delay (propagated)                        0.12       0.12
  lsu_state_reg[0]/CK (DFFHQX1)                                      0.12 r
  clock reconvergence pessimism                           0.00       0.12
  library hold time                                       0.01       0.13
  data required time                                                 0.13
  ------------------------------------------------------------------------------
  data required time                                                 0.13
  data arrival time                                                 -0.44
  ------------------------------------------------------------------------------
  slack (MET)                                                        0.32


  Startpoint: lsu_state_reg[1]
               (rising edge-triggered flip-flop clocked by clk)
  Endpoint: lsu_state_reg[1]
               (rising edge-triggered flip-flop clocked by clk)
  Last common pin: clk
  Path Group: clk
  Path Type: min

  Point                                                   Incr       Path
  ------------------------------------------------------------------------------
  clock clk (rise edge)                                   0.00       0.00
  clock network delay (propagated)                        0.12       0.12
  lsu_state_reg[1]/CK (DFFHQX1)                           0.00       0.12 r
  lsu_state_reg[1]/Q (DFFHQX1)                            0.22 &     0.34 r
  g159511/Y (NOR2X1)                                      0.05 &     0.39 f
  g157822/Y (NAND2X1)                                     0.05 &     0.44 r
  g157427/Y (NOR2X1)                                      0.04 &     0.48 f
  lsu_state_reg[1]/D (DFFHQX1)                            0.00 &     0.48 f
  data arrival time                                                  0.48

  clock clk (rise edge)                                   0.00       0.00
  clock network delay (propagated)                        0.12       0.12
  lsu_state_reg[1]/CK (DFFHQX1)                                      0.12 r
  clock reconvergence pessimism                           0.00       0.12
  library hold time                                       0.04       0.16
  data required time                                                 0.16
  ------------------------------------------------------------------------------
  data required time                                                 0.16
  data arrival time                                                 -0.48
  ------------------------------------------------------------------------------
  slack (MET)                                                        0.32


  Startpoint: regfile_bank3_reg[7][13]
               (rising edge-triggered flip-flop clocked by clk)
  Endpoint: regfile_bank3_reg[7][13]
               (rising edge-triggered flip-flop clocked by clk)
  Last common pin: clk
  Path Group: clk
  Path Type: min

  Point                                                   Incr       Path
  ------------------------------------------------------------------------------
  clock clk (rise edge)                                   0.00       0.00
  clock network delay (propagated)                        0.12       0.12
  regfile_bank3_reg[7][13]/CK (DFFHQX1)                   0.00       0.12 r
  regfile_bank3_reg[7][13]/Q (DFFHQX1)                    0.25 &     0.37 f
  g155435/Y (OAI2BB1X1)                                   0.10 &     0.48 f
  regfile_bank3_reg[7][13]/D (DFFHQX1)                    0.00 &     0.48 f
  data arrival time                                                  0.48

  clock clk (rise edge)                                   0.00       0.00
  clock network delay (propagated)                        0.12       0.12
  regfile_bank3_reg[7][13]/CK (DFFHQX1)                              0.12 r
  clock reconvergence pessimism                           0.00       0.12
  library hold time                                       0.03       0.15
  data required time                                                 0.15
  ------------------------------------------------------------------------------
  data required time                                                 0.15
  data arrival time                                                 -0.48
  ------------------------------------------------------------------------------
  slack (MET)                                                        0.32


  Startpoint: lsu_base_addr_reg_reg[6]
               (rising edge-triggered flip-flop clocked by clk)
  Endpoint: lsu_base_addr_reg_reg[6]
               (rising edge-triggered flip-flop clocked by clk)
  Last common pin: clk
  Path Group: clk
  Path Type: min

  Point                                                   Incr       Path
  ------------------------------------------------------------------------------
  clock clk (rise edge)                                   0.00       0.00
  clock network delay (propagated)                        0.12       0.12
  lsu_base_addr_reg_reg[6]/CK (DFFHQX1)                   0.00       0.12 r
  lsu_base_addr_reg_reg[6]/Q (DFFHQX1)                    0.24 &     0.37 f
  g158468/Y (AOI22X1)                                     0.07 &     0.44 r
  g157915/Y (NOR2X1)                                      0.05 &     0.49 f
  lsu_base_addr_reg_reg[6]/D (DFFHQX1)                    0.00 &     0.49 f
  data arrival time                                                  0.49

  clock clk (rise edge)                                   0.00       0.00
  clock network delay (propagated)                        0.12       0.12
  lsu_base_addr_reg_reg[6]/CK (DFFHQX1)                              0.12 r
  clock reconvergence pessimism                           0.00       0.12
  library hold time                                       0.04       0.16
  data required time                                                 0.16
  ------------------------------------------------------------------------------
  data required time                                                 0.16
  data arrival time                                                 -0.49
  ------------------------------------------------------------------------------
  slack (MET)                                                        0.33


  Startpoint: lsu_base_addr_reg_reg[15]
               (rising edge-triggered flip-flop clocked by clk)
  Endpoint: lsu_base_addr_reg_reg[15]
               (rising edge-triggered flip-flop clocked by clk)
  Last common pin: clk
  Path Group: clk
  Path Type: min

  Point                                                   Incr       Path
  ------------------------------------------------------------------------------
  clock clk (rise edge)                                   0.00       0.00
  clock network delay (propagated)                        0.12       0.12
  lsu_base_addr_reg_reg[15]/CK (DFFHQX1)                  0.00       0.12 r
  lsu_base_addr_reg_reg[15]/Q (DFFHQX1)                   0.24 &     0.36 f
  g158476/Y (AOI22X1)                                     0.07 &     0.43 r
  g157926/Y (NOR2X1)                                      0.06 &     0.49 f
  lsu_base_addr_reg_reg[15]/D (DFFHQX1)                   0.00 &     0.49 f
  data arrival time                                                  0.49

  clock clk (rise edge)                                   0.00       0.00
  clock network delay (propagated)                        0.12       0.12
  lsu_base_addr_reg_reg[15]/CK (DFFHQX1)                             0.12 r
  clock reconvergence pessimism                           0.00       0.12
  library hold time                                       0.04       0.16
  data required time                                                 0.16
  ------------------------------------------------------------------------------
  data required time                                                 0.16
  data arrival time                                                 -0.49
  ------------------------------------------------------------------------------
  slack (MET)                                                        0.33


  Startpoint: lsu_base_addr_reg_reg[31]
               (rising edge-triggered flip-flop clocked by clk)
  Endpoint: lsu_base_addr_reg_reg[31]
               (rising edge-triggered flip-flop clocked by clk)
  Last common pin: clk
  Path Group: clk
  Path Type: min

  Point                                                   Incr       Path
  ------------------------------------------------------------------------------
  clock clk (rise edge)                                   0.00       0.00
  clock network delay (propagated)                        0.12       0.12
  lsu_base_addr_reg_reg[31]/CK (DFFHQX1)                  0.00       0.12 r
  lsu_base_addr_reg_reg[31]/Q (DFFHQX1)                   0.25 &     0.36 f
  g158461/Y (AOI22X1)                                     0.07 &     0.44 r
  g157577/Y (NOR2X1)                                      0.05 &     0.49 f
  lsu_base_addr_reg_reg[31]/D (DFFHQX1)                   0.00 &     0.49 f
  data arrival time                                                  0.49

  clock clk (rise edge)                                   0.00       0.00
  clock network delay (propagated)                        0.12       0.12
  lsu_base_addr_reg_reg[31]/CK (DFFHQX1)                             0.12 r
  clock reconvergence pessimism                           0.00       0.12
  library hold time                                       0.04       0.16
  data required time                                                 0.16
  ------------------------------------------------------------------------------
  data required time                                                 0.16
  data arrival time                                                 -0.49
  ------------------------------------------------------------------------------
  slack (MET)                                                        0.33


  Startpoint: lsu_base_addr_reg_reg[16]
               (rising edge-triggered flip-flop clocked by clk)
  Endpoint: lsu_base_addr_reg_reg[16]
               (rising edge-triggered flip-flop clocked by clk)
  Last common pin: clk
  Path Group: clk
  Path Type: min

  Point                                                   Incr       Path
  ------------------------------------------------------------------------------
  clock clk (rise edge)                                   0.00       0.00
  clock network delay (propagated)                        0.12       0.12
  lsu_base_addr_reg_reg[16]/CK (DFFHQX1)                  0.00       0.12 r
  lsu_base_addr_reg_reg[16]/Q (DFFHQX1)                   0.24 &     0.37 f
  g158477/Y (AOI22X1)                                     0.07 &     0.44 r
  g157927/Y (NOR2X1)                                      0.05 &     0.49 f
  lsu_base_addr_reg_reg[16]/D (DFFHQX1)                   0.00 &     0.49 f
  data arrival time                                                  0.49

  clock clk (rise edge)                                   0.00       0.00
  clock network delay (propagated)                        0.12       0.12
  lsu_base_addr_reg_reg[16]/CK (DFFHQX1)                             0.12 r
  clock reconvergence pessimism                           0.00       0.12
  library hold time                                       0.04       0.16
  data required time                                                 0.16
  ------------------------------------------------------------------------------
  data required time                                                 0.16
  data arrival time                                                 -0.49
  ------------------------------------------------------------------------------
  slack (MET)                                                        0.33


  Startpoint: regfile_bank3_reg[0][31]
               (rising edge-triggered flip-flop clocked by clk)
  Endpoint: regfile_bank3_reg[0][31]
               (rising edge-triggered flip-flop clocked by clk)
  Last common pin: clk
  Path Group: clk
  Path Type: min

  Point                                                   Incr       Path
  ------------------------------------------------------------------------------
  clock clk (rise edge)                                   0.00       0.00
  clock network delay (propagated)                        0.12       0.12
  regfile_bank3_reg[0][31]/CK (DFFHQX1)                   0.00       0.12 r
  regfile_bank3_reg[0][31]/Q (DFFHQX1)                    0.25 &     0.37 f
  g154127/Y (OAI2BB1X1)                                   0.11 &     0.48 f
  regfile_bank3_reg[0][31]/D (DFFHQX1)                    0.00 &     0.48 f
  data arrival time                                                  0.48

  clock clk (rise edge)                                   0.00       0.00
  clock network delay (propagated)                        0.12       0.12
  regfile_bank3_reg[0][31]/CK (DFFHQX1)                              0.12 r
  clock reconvergence pessimism                           0.00       0.12
  library hold time                                       0.03       0.15
  data required time                                                 0.15
  ------------------------------------------------------------------------------
  data required time                                                 0.15
  data arrival time                                                 -0.48
  ------------------------------------------------------------------------------
  slack (MET)                                                        0.33


  Startpoint: lsu_base_addr_reg_reg[14]
               (rising edge-triggered flip-flop clocked by clk)
  Endpoint: lsu_base_addr_reg_reg[14]
               (rising edge-triggered flip-flop clocked by clk)
  Last common pin: clk
  Path Group: clk
  Path Type: min

  Point                                                   Incr       Path
  ------------------------------------------------------------------------------
  clock clk (rise edge)                                   0.00       0.00
  clock network delay (propagated)                        0.12       0.12
  lsu_base_addr_reg_reg[14]/CK (DFFHQX1)                  0.00       0.12 r
  lsu_base_addr_reg_reg[14]/Q (DFFHQX1)                   0.24 &     0.37 f
  g158475/Y (AOI22X1)                                     0.07 &     0.44 r
  g157924/Y (NOR2X1)                                      0.05 &     0.49 f
  lsu_base_addr_reg_reg[14]/D (DFFHQX1)                   0.00 &     0.49 f
  data arrival time                                                  0.49

  clock clk (rise edge)                                   0.00       0.00
  clock network delay (propagated)                        0.12       0.12
  lsu_base_addr_reg_reg[14]/CK (DFFHQX1)                             0.12 r
  clock reconvergence pessimism                           0.00       0.12
  library hold time                                       0.04       0.16
  data required time                                                 0.16
  ------------------------------------------------------------------------------
  data required time                                                 0.16
  data arrival time                                                 -0.49
  ------------------------------------------------------------------------------
  slack (MET)                                                        0.33


  Startpoint: lsu_base_addr_reg_reg[8]
               (rising edge-triggered flip-flop clocked by clk)
  Endpoint: lsu_base_addr_reg_reg[8]
               (rising edge-triggered flip-flop clocked by clk)
  Last common pin: clk
  Path Group: clk
  Path Type: min

  Point                                                   Incr       Path
  ------------------------------------------------------------------------------
  clock clk (rise edge)                                   0.00       0.00
  clock network delay (propagated)                        0.12       0.12
  lsu_base_addr_reg_reg[8]/CK (DFFHQX1)                   0.00       0.12 r
  lsu_base_addr_reg_reg[8]/Q (DFFHQX1)                    0.24 &     0.37 f
  g158470/Y (AOI22X1)                                     0.07 &     0.44 r
  g157918/Y (NOR2X1)                                      0.05 &     0.49 f
  lsu_base_addr_reg_reg[8]/D (DFFHQX1)                    0.00 &     0.49 f
  data arrival time                                                  0.49

  clock clk (rise edge)                                   0.00       0.00
  clock network delay (propagated)                        0.12       0.12
  lsu_base_addr_reg_reg[8]/CK (DFFHQX1)                              0.12 r
  clock reconvergence pessimism                           0.00       0.12
  library hold time                                       0.04       0.16
  data required time                                                 0.16
  ------------------------------------------------------------------------------
  data required time                                                 0.16
  data arrival time                                                 -0.49
  ------------------------------------------------------------------------------
  slack (MET)                                                        0.33


  Startpoint: lsu_base_addr_reg_reg[12]
               (rising edge-triggered flip-flop clocked by clk)
  Endpoint: lsu_base_addr_reg_reg[12]
               (rising edge-triggered flip-flop clocked by clk)
  Last common pin: clk
  Path Group: clk
  Path Type: min

  Point                                                   Incr       Path
  ------------------------------------------------------------------------------
  clock clk (rise edge)                                   0.00       0.00
  clock network delay (propagated)                        0.12       0.12
  lsu_base_addr_reg_reg[12]/CK (DFFHQX1)                  0.00       0.12 r
  lsu_base_addr_reg_reg[12]/Q (DFFHQX1)                   0.24 &     0.37 f
  g158406/Y (AOI22X1)                                     0.07 &     0.44 r
  g157921/Y (NOR2X1)                                      0.06 &     0.50 f
  lsu_base_addr_reg_reg[12]/D (DFFHQX1)                   0.00 &     0.50 f
  data arrival time                                                  0.50

  clock clk (rise edge)                                   0.00       0.00
  clock network delay (propagated)                        0.12       0.12
  lsu_base_addr_reg_reg[12]/CK (DFFHQX1)                             0.12 r
  clock reconvergence pessimism                           0.00       0.12
  library hold time                                       0.04       0.17
  data required time                                                 0.17
  ------------------------------------------------------------------------------
  data required time                                                 0.17
  data arrival time                                                 -0.50
  ------------------------------------------------------------------------------
  slack (MET)                                                        0.33


  Startpoint: lsu_base_addr_reg_reg[9]
               (rising edge-triggered flip-flop clocked by clk)
  Endpoint: lsu_base_addr_reg_reg[9]
               (rising edge-triggered flip-flop clocked by clk)
  Last common pin: clk
  Path Group: clk
  Path Type: min

  Point                                                   Incr       Path
  ------------------------------------------------------------------------------
  clock clk (rise edge)                                   0.00       0.00
  clock network delay (propagated)                        0.12       0.12
  lsu_base_addr_reg_reg[9]/CK (DFFHQX1)                   0.00       0.12 r
  lsu_base_addr_reg_reg[9]/Q (DFFHQX1)                    0.24 &     0.37 f
  g158396/Y (AOI22X1)                                     0.07 &     0.44 r
  g157919/Y (NOR2X1)                                      0.05 &     0.50 f
  lsu_base_addr_reg_reg[9]/D (DFFHQX1)                    0.00 &     0.50 f
  data arrival time                                                  0.50

  clock clk (rise edge)                                   0.00       0.00
  clock network delay (propagated)                        0.12       0.12
  lsu_base_addr_reg_reg[9]/CK (DFFHQX1)                              0.12 r
  clock reconvergence pessimism                           0.00       0.12
  library hold time                                       0.04       0.17
  data required time                                                 0.17
  ------------------------------------------------------------------------------
  data required time                                                 0.17
  data arrival time                                                 -0.50
  ------------------------------------------------------------------------------
  slack (MET)                                                        0.33


  Startpoint: lsu_base_addr_reg_reg[11]
               (rising edge-triggered flip-flop clocked by clk)
  Endpoint: lsu_base_addr_reg_reg[11]
               (rising edge-triggered flip-flop clocked by clk)
  Last common pin: clk
  Path Group: clk
  Path Type: min

  Point                                                   Incr       Path
  ------------------------------------------------------------------------------
  clock clk (rise edge)                                   0.00       0.00
  clock network delay (propagated)                        0.12       0.12
  lsu_base_addr_reg_reg[11]/CK (DFFHQX1)                  0.00       0.12 r
  lsu_base_addr_reg_reg[11]/Q (DFFHQX1)                   0.24 &     0.37 f
  g158471/Y (AOI22X1)                                     0.07 &     0.44 r
  g157922/Y (NOR2X1)                                      0.05 &     0.50 f
  lsu_base_addr_reg_reg[11]/D (DFFHQX1)                   0.00 &     0.50 f
  data arrival time                                                  0.50

  clock clk (rise edge)                                   0.00       0.00
  clock network delay (propagated)                        0.12       0.12
  lsu_base_addr_reg_reg[11]/CK (DFFHQX1)                             0.12 r
  clock reconvergence pessimism                           0.00       0.12
  library hold time                                       0.04       0.17
  data required time                                                 0.17
  ------------------------------------------------------------------------------
  data required time                                                 0.17
  data arrival time                                                 -0.50
  ------------------------------------------------------------------------------
  slack (MET)                                                        0.33


  Startpoint: regfile_bank2_reg[7][13]
               (rising edge-triggered flip-flop clocked by clk)
  Endpoint: regfile_bank2_reg[7][13]
               (rising edge-triggered flip-flop clocked by clk)
  Last common pin: clk
  Path Group: clk
  Path Type: min

  Point                                                   Incr       Path
  ------------------------------------------------------------------------------
  clock clk (rise edge)                                   0.00       0.00
  clock network delay (propagated)                        0.13       0.13
  regfile_bank2_reg[7][13]/CK (DFFHQX1)                   0.00       0.13 r
  regfile_bank2_reg[7][13]/Q (DFFHQX1)                    0.26 &     0.38 f
  g155434/Y (OAI2BB1X1)                                   0.11 &     0.49 f
  regfile_bank2_reg[7][13]/D (DFFHQX1)                    0.00 &     0.49 f
  data arrival time                                                  0.49

  clock clk (rise edge)                                   0.00       0.00
  clock network delay (propagated)                        0.13       0.13
  regfile_bank2_reg[7][13]/CK (DFFHQX1)                              0.13 r
  clock reconvergence pessimism                           0.00       0.13
  library hold time                                       0.03       0.16
  data required time                                                 0.16
  ------------------------------------------------------------------------------
  data required time                                                 0.16
  data arrival time                                                 -0.49
  ------------------------------------------------------------------------------
  slack (MET)                                                        0.33


  Startpoint: regfile_bank3_reg[5][18]
               (rising edge-triggered flip-flop clocked by clk)
  Endpoint: regfile_bank3_reg[5][18]
               (rising edge-triggered flip-flop clocked by clk)
  Last common pin: clk
  Path Group: clk
  Path Type: min

  Point                                                   Incr       Path
  ------------------------------------------------------------------------------
  clock clk (rise edge)                                   0.00       0.00
  clock network delay (propagated)                        0.12       0.12
  regfile_bank3_reg[5][18]/CK (DFFHQX1)                   0.00       0.12 r
  regfile_bank3_reg[5][18]/Q (DFFHQX1)                    0.24 &     0.36 f
  g155055/Y (AO22XL)                                      0.13 &     0.49 f
  regfile_bank3_reg[5][18]/D (DFFHQX1)                    0.00 &     0.49 f
  data arrival time                                                  0.49

  clock clk (rise edge)                                   0.00       0.00
  clock network delay (propagated)                        0.12       0.12
  regfile_bank3_reg[5][18]/CK (DFFHQX1)                              0.12 r
  clock reconvergence pessimism                           0.00       0.12
  library hold time                                       0.04       0.16
  data required time                                                 0.16
  ------------------------------------------------------------------------------
  data required time                                                 0.16
  data arrival time                                                 -0.49
  ------------------------------------------------------------------------------
  slack (MET)                                                        0.33


  Startpoint: lsu_base_addr_reg_reg[5]
               (rising edge-triggered flip-flop clocked by clk)
  Endpoint: lsu_base_addr_reg_reg[5]
               (rising edge-triggered flip-flop clocked by clk)
  Last common pin: clk
  Path Group: clk
  Path Type: min

  Point                                                   Incr       Path
  ------------------------------------------------------------------------------
  clock clk (rise edge)                                   0.00       0.00
  clock network delay (propagated)                        0.12       0.12
  lsu_base_addr_reg_reg[5]/CK (DFFHQX1)                   0.00       0.12 r
  lsu_base_addr_reg_reg[5]/Q (DFFHQX1)                    0.24 &     0.37 f
  g158466/Y (AOI22X1)                                     0.07 &     0.44 r
  g157913/Y (NOR2X1)                                      0.05 &     0.49 f
  lsu_base_addr_reg_reg[5]/D (DFFHQX1)                    0.00 &     0.49 f
  data arrival time                                                  0.49

  clock clk (rise edge)                                   0.00       0.00
  clock network delay (propagated)                        0.12       0.12
  lsu_base_addr_reg_reg[5]/CK (DFFHQX1)                              0.12 r
  clock reconvergence pessimism                           0.00       0.12
  library hold time                                       0.04       0.16
  data required time                                                 0.16
  ------------------------------------------------------------------------------
  data required time                                                 0.16
  data arrival time                                                 -0.49
  ------------------------------------------------------------------------------
  slack (MET)                                                        0.33


  Startpoint: lsu_base_addr_reg_reg[7]
               (rising edge-triggered flip-flop clocked by clk)
  Endpoint: lsu_base_addr_reg_reg[7]
               (rising edge-triggered flip-flop clocked by clk)
  Last common pin: clk
  Path Group: clk
  Path Type: min

  Point                                                   Incr       Path
  ------------------------------------------------------------------------------
  clock clk (rise edge)                                   0.00       0.00
  clock network delay (propagated)                        0.12       0.12
  lsu_base_addr_reg_reg[7]/CK (DFFHQX1)                   0.00       0.12 r
  lsu_base_addr_reg_reg[7]/Q (DFFHQX1)                    0.24 &     0.36 f
  g158469/Y (AOI22X1)                                     0.07 &     0.44 r
  g157917/Y (NOR2X1)                                      0.06 &     0.50 f
  lsu_base_addr_reg_reg[7]/D (DFFHQX1)                    0.00 &     0.50 f
  data arrival time                                                  0.50

  clock clk (rise edge)                                   0.00       0.00
  clock network delay (propagated)                        0.12       0.12
  lsu_base_addr_reg_reg[7]/CK (DFFHQX1)                              0.12 r
  clock reconvergence pessimism                           0.00       0.12
  library hold time                                       0.04       0.16
  data required time                                                 0.16
  ------------------------------------------------------------------------------
  data required time                                                 0.16
  data arrival time                                                 -0.50
  ------------------------------------------------------------------------------
  slack (MET)                                                        0.33


  Startpoint: lsu_base_addr_reg_reg[13]
               (rising edge-triggered flip-flop clocked by clk)
  Endpoint: lsu_base_addr_reg_reg[13]
               (rising edge-triggered flip-flop clocked by clk)
  Last common pin: clk
  Path Group: clk
  Path Type: min

  Point                                                   Incr       Path
  ------------------------------------------------------------------------------
  clock clk (rise edge)                                   0.00       0.00
  clock network delay (propagated)                        0.12       0.12
  lsu_base_addr_reg_reg[13]/CK (DFFHQX1)                  0.00       0.12 r
  lsu_base_addr_reg_reg[13]/Q (DFFHQX1)                   0.24 &     0.37 f
  g158474/Y (AOI22X1)                                     0.07 &     0.44 r
  g157923/Y (NOR2X1)                                      0.06 &     0.50 f
  lsu_base_addr_reg_reg[13]/D (DFFHQX1)                   0.00 &     0.50 f
  data arrival time                                                  0.50

  clock clk (rise edge)                                   0.00       0.00
  clock network delay (propagated)                        0.12       0.12
  lsu_base_addr_reg_reg[13]/CK (DFFHQX1)                             0.12 r
  clock reconvergence pessimism                           0.00       0.12
  library hold time                                       0.04       0.16
  data required time                                                 0.16
  ------------------------------------------------------------------------------
  data required time                                                 0.16
  data arrival time                                                 -0.50
  ------------------------------------------------------------------------------
  slack (MET)                                                        0.33


  Startpoint: lsu_base_addr_reg_reg[29]
               (rising edge-triggered flip-flop clocked by clk)
  Endpoint: lsu_base_addr_reg_reg[29]
               (rising edge-triggered flip-flop clocked by clk)
  Last common pin: clk
  Path Group: clk
  Path Type: min

  Point                                                   Incr       Path
  ------------------------------------------------------------------------------
  clock clk (rise edge)                                   0.00       0.00
  clock network delay (propagated)                        0.12       0.12
  lsu_base_addr_reg_reg[29]/CK (DFFHQX1)                  0.00       0.12 r
  lsu_base_addr_reg_reg[29]/Q (DFFHQX1)                   0.25 &     0.37 f
  g158188/Y (AOI22X1)                                     0.07 &     0.44 r
  g157572/Y (NOR2X1)                                      0.05 &     0.50 f
  lsu_base_addr_reg_reg[29]/D (DFFHQX1)                   0.00 &     0.50 f
  data arrival time                                                  0.50

  clock clk (rise edge)                                   0.00       0.00
  clock network delay (propagated)                        0.12       0.12
  lsu_base_addr_reg_reg[29]/CK (DFFHQX1)                             0.12 r
  clock reconvergence pessimism                           0.00       0.12
  library hold time                                       0.04       0.16
  data required time                                                 0.16
  ------------------------------------------------------------------------------
  data required time                                                 0.16
  data arrival time                                                 -0.50
  ------------------------------------------------------------------------------
  slack (MET)                                                        0.33


  Startpoint: lsu_base_addr_reg_reg[24]
               (rising edge-triggered flip-flop clocked by clk)
  Endpoint: lsu_base_addr_reg_reg[24]
               (rising edge-triggered flip-flop clocked by clk)
  Last common pin: clk
  Path Group: clk
  Path Type: min

  Point                                                   Incr       Path
  ------------------------------------------------------------------------------
  clock clk (rise edge)                                   0.00       0.00
  clock network delay (propagated)                        0.12       0.12
  lsu_base_addr_reg_reg[24]/CK (DFFHQX1)                  0.00       0.12 r
  lsu_base_addr_reg_reg[24]/Q (DFFHQX1)                   0.25 &     0.37 f
  g158193/Y (AOI22X1)                                     0.08 &     0.44 r
  g157565/Y (NOR2X1)                                      0.05 &     0.50 f
  lsu_base_addr_reg_reg[24]/D (DFFHQX1)                   0.00 &     0.50 f
  data arrival time                                                  0.50

  clock clk (rise edge)                                   0.00       0.00
  clock network delay (propagated)                        0.12       0.12
  lsu_base_addr_reg_reg[24]/CK (DFFHQX1)                             0.12 r
  clock reconvergence pessimism                           0.00       0.12
  library hold time                                       0.04       0.16
  data required time                                                 0.16
  ------------------------------------------------------------------------------
  data required time                                                 0.16
  data arrival time                                                 -0.50
  ------------------------------------------------------------------------------
  slack (MET)                                                        0.33

Warning: report_timing has satisfied the max_paths criteria. There are 1462 further endpoints which have paths of interest with slack less than  1000.00 that were not considered when generating this report. (UITE-502)

1
